../Core/Src/u8g2/u8x8_d_ssd1607_200x200.c:125:13:u8x8_d_ssd1607_200x200_first_init	8	static
../Core/Src/u8g2/u8x8_d_ssd1607_200x200.c:152:13:u8x8_d_ssd1607_draw_tile	32	static
../Core/Src/u8g2/u8x8_d_ssd1607_200x200.c:359:9:u8x8_d_ssd1607_200x200	16	static
../Core/Src/u8g2/u8x8_d_ssd1607_200x200.c:476:9:u8x8_d_ssd1607_v2_200x200	16	static
../Core/Src/u8g2/u8x8_d_ssd1607_200x200.c:566:9:u8x8_d_ssd1607_gd_200x200	16	static
../Core/Src/u8g2/u8x8_d_ssd1607_200x200.c:658:9:u8x8_d_ssd1607_ws_200x200	16	static
