../Core/Src/main.c:165:13:Level1Item2_Enter	16	static
../Core/Src/main.c:174:13:Item_Select_Callback	24	static
../Core/Src/main.c:302:13:Generic_Write	160	static
../Core/Src/main.c:1291:6:buttonListenFunction	104	static
../Core/Src/main.c:183:6:u8g2_DrawDLine	56	static
../Core/Src/main.c:239:13:DrawGraphChangingLength	104	static
../Core/Src/main.c:387:8:double_string	56	static
../Core/Src/main.c:400:6:add_element	16	static
../Core/Src/main.c:484:6:delay_us	0	static
../Core/Src/main.c:491:9:u8g2_gpio_and_delay_stm32	8	static
../Core/Src/main.c:552:6:serialize_to_bkp_registers	24	static
../Core/Src/main.c:1148:6:rewriteDisplayFunction	136	static
../Core/Src/main.c:570:6:deserialize_from_bkp_registers	24	static
../Core/Src/main.c:592:6:HAL_TIM_IC_CaptureCallback	16	static
../Core/Src/main.c:605:6:HAL_TIM_PWM_PulseFinishedCallback	0	static
../Core/Src/main.c:736:6:SystemClock_Config	88	static,ignoring_inline_asm
../Core/Src/main.c:623:5:main	112	static,ignoring_inline_asm
../Core/Src/main.c:1332:6:HAL_TIM_PeriodElapsedCallback	0	static
../Core/Src/main.c:1355:6:Error_Handler	0	static,ignoring_inline_asm
