../Core/Src/stm32f4xx_it.c:75:6:NMI_Handler	0	static
../Core/Src/stm32f4xx_it.c:90:6:HardFault_Handler	0	static
../Core/Src/stm32f4xx_it.c:105:6:MemManage_Handler	0	static
../Core/Src/stm32f4xx_it.c:120:6:BusFault_Handler	0	static
../Core/Src/stm32f4xx_it.c:135:6:UsageFault_Handler	0	static
../Core/Src/stm32f4xx_it.c:150:6:DebugMon_Handler	0	static
../Core/Src/stm32f4xx_it.c:170:6:PVD_IRQHandler	0	static
../Core/Src/stm32f4xx_it.c:184:6:FLASH_IRQHandler	0	static
../Core/Src/stm32f4xx_it.c:198:6:RCC_IRQHandler	0	static
../Core/Src/stm32f4xx_it.c:211:6:TIM1_BRK_TIM9_IRQHandler	0	static
../Core/Src/stm32f4xx_it.c:225:6:TIM1_UP_TIM10_IRQHandler	8	static
../Core/Src/stm32f4xx_it.c:240:6:TIM8_UP_TIM13_IRQHandler	0	static
../Core/Src/stm32f4xx_it.c:254:6:TIM8_TRG_COM_TIM14_IRQHandler	0	static
../Core/Src/stm32f4xx_it.c:268:6:FPU_IRQHandler	0	static
