../Core/Src/main.c:252:13:Level1Item2_Enter	8	static
../Core/Src/main.c:261:13:Item_Select_Callback	24	static
../Core/Src/main.c:270:6:u8g2_DrawDLine	24	static
../Core/Src/main.c:326:13:DrawGraphChangingLength	112	static
../Core/Src/main.c:390:13:Generic_Write	152	static
../Core/Src/main.c:475:8:double_string	40	static
../Core/Src/main.c:488:6:add_element	24	static
../Core/Src/main.c:498:13:displayGraphPoints	224	static
../Core/Src/main.c:565:13:DrawStateConstatntLength	216	static
../Core/Src/main.c:637:6:delay_us	16	static
../Core/Src/main.c:644:9:u8g2_gpio_and_delay_stm32	24	static
../Core/Src/main.c:706:6:HAL_TIM_IC_CaptureCallback	24	static
../Core/Src/main.c:717:6:HAL_TIM_PWM_PulseFinishedCallback	16	static
../Core/Src/main.c:741:5:main	8	static
../Core/Src/main.c:862:6:SystemClock_Config	88	static
../Core/Src/main.c:908:13:MX_TIM4_Init	64	static
../Core/Src/main.c:967:13:MX_TIM9_Init	56	static
../Core/Src/main.c:1019:13:MX_TIM10_Init	40	static
../Core/Src/main.c:1065:13:MX_TIM11_Init	24	static
../Core/Src/main.c:1110:13:MX_TIM13_Init	40	static
../Core/Src/main.c:1156:13:MX_TIM14_Init	40	static
../Core/Src/main.c:1202:13:MX_GPIO_Init	64	static
../Core/Src/main.c:1349:6:rewriteDisplayFunction	80	static
../Core/Src/main.c:1526:6:buttonListenFunction	96	static
../Core/Src/main.c:1567:6:HAL_TIM_PeriodElapsedCallback	16	static
../Core/Src/main.c:1590:6:Error_Handler	4	static,ignoring_inline_asm
