../Core/Src/u8g2/u8x8_byte.c:39:9:u8x8_byte_SetDC	24	static
../Core/Src/u8g2/u8x8_byte.c:44:9:u8x8_byte_SendBytes	32	static
../Core/Src/u8g2/u8x8_byte.c:49:9:u8x8_byte_SendByte	16	static
../Core/Src/u8g2/u8x8_byte.c:54:9:u8x8_byte_StartTransfer	24	static
../Core/Src/u8g2/u8x8_byte.c:59:9:u8x8_byte_EndTransfer	24	static
../Core/Src/u8g2/u8x8_byte.c:66:9:u8x8_byte_empty	24	static
../Core/Src/u8g2/u8x8_byte.c:107:9:u8x8_byte_4wire_sw_spi	48	static
../Core/Src/u8g2/u8x8_byte.c:166:9:u8x8_byte_8bit_6800mode	40	static
../Core/Src/u8g2/u8x8_byte.c:216:9:u8x8_byte_8bit_8080mode	40	static
../Core/Src/u8g2/u8x8_byte.c:266:9:u8x8_byte_3wire_sw_spi	48	static
../Core/Src/u8g2/u8x8_byte.c:329:6:u8x8_byte_set_ks0108_cs	16	static
../Core/Src/u8g2/u8x8_byte.c:339:9:u8x8_byte_ks0108	40	static
../Core/Src/u8g2/u8x8_byte.c:395:9:u8x8_byte_sed1520	32	static
../Core/Src/u8g2/u8x8_byte.c:459:13:i2c_delay	16	static
../Core/Src/u8g2/u8x8_byte.c:465:13:i2c_init	16	static
../Core/Src/u8g2/u8x8_byte.c:475:13:i2c_read_scl_and_delay	16	static
../Core/Src/u8g2/u8x8_byte.c:483:13:i2c_clear_scl	16	static
../Core/Src/u8g2/u8x8_byte.c:488:13:i2c_read_sda	16	static
../Core/Src/u8g2/u8x8_byte.c:494:13:i2c_clear_sda	16	static
../Core/Src/u8g2/u8x8_byte.c:500:13:i2c_start	16	static
../Core/Src/u8g2/u8x8_byte.c:518:13:i2c_stop	16	static
../Core/Src/u8g2/u8x8_byte.c:533:13:i2c_write_bit	16	static
../Core/Src/u8g2/u8x8_byte.c:545:13:i2c_read_bit	16	static
../Core/Src/u8g2/u8x8_byte.c:558:13:i2c_write_byte	16	static
../Core/Src/u8g2/u8x8_byte.c:575:9:u8x8_byte_sw_i2c	32	static
