Archive member included to satisfy reference by file (symbol)

C:/ST/STM32CubeIDE_1.13.2/STM32CubeIDE/plugins/com.st.stm32cube.ide.mcu.externaltools.gnu-tools-for-stm32.11.3.rel1.win32_1.1.1.202309131626/tools/bin/../lib/gcc/arm-none-eabi/11.3.1/../../../../arm-none-eabi/lib/thumb/v7e-m+fp/hard\libm.a(libm_a-w_pow.o)
                              ./Core/Src/main.o (pow)
C:/ST/STM32CubeIDE_1.13.2/STM32CubeIDE/plugins/com.st.stm32cube.ide.mcu.externaltools.gnu-tools-for-stm32.11.3.rel1.win32_1.1.1.202309131626/tools/bin/../lib/gcc/arm-none-eabi/11.3.1/../../../../arm-none-eabi/lib/thumb/v7e-m+fp/hard\libm.a(libm_a-s_finite.o)
                              C:/ST/STM32CubeIDE_1.13.2/STM32CubeIDE/plugins/com.st.stm32cube.ide.mcu.externaltools.gnu-tools-for-stm32.11.3.rel1.win32_1.1.1.202309131626/tools/bin/../lib/gcc/arm-none-eabi/11.3.1/../../../../arm-none-eabi/lib/thumb/v7e-m+fp/hard\libm.a(libm_a-w_pow.o) (finite)
C:/ST/STM32CubeIDE_1.13.2/STM32CubeIDE/plugins/com.st.stm32cube.ide.mcu.externaltools.gnu-tools-for-stm32.11.3.rel1.win32_1.1.1.202309131626/tools/bin/../lib/gcc/arm-none-eabi/11.3.1/../../../../arm-none-eabi/lib/thumb/v7e-m+fp/hard\libm.a(libm_a-s_round.o)
                              ./Core/Src/main.o (round)
C:/ST/STM32CubeIDE_1.13.2/STM32CubeIDE/plugins/com.st.stm32cube.ide.mcu.externaltools.gnu-tools-for-stm32.11.3.rel1.win32_1.1.1.202309131626/tools/bin/../lib/gcc/arm-none-eabi/11.3.1/../../../../arm-none-eabi/lib/thumb/v7e-m+fp/hard\libm.a(libm_a-e_pow.o)
                              C:/ST/STM32CubeIDE_1.13.2/STM32CubeIDE/plugins/com.st.stm32cube.ide.mcu.externaltools.gnu-tools-for-stm32.11.3.rel1.win32_1.1.1.202309131626/tools/bin/../lib/gcc/arm-none-eabi/11.3.1/../../../../arm-none-eabi/lib/thumb/v7e-m+fp/hard\libm.a(libm_a-w_pow.o) (__ieee754_pow)
C:/ST/STM32CubeIDE_1.13.2/STM32CubeIDE/plugins/com.st.stm32cube.ide.mcu.externaltools.gnu-tools-for-stm32.11.3.rel1.win32_1.1.1.202309131626/tools/bin/../lib/gcc/arm-none-eabi/11.3.1/../../../../arm-none-eabi/lib/thumb/v7e-m+fp/hard\libm.a(libm_a-s_fabs.o)
                              C:/ST/STM32CubeIDE_1.13.2/STM32CubeIDE/plugins/com.st.stm32cube.ide.mcu.externaltools.gnu-tools-for-stm32.11.3.rel1.win32_1.1.1.202309131626/tools/bin/../lib/gcc/arm-none-eabi/11.3.1/../../../../arm-none-eabi/lib/thumb/v7e-m+fp/hard\libm.a(libm_a-e_pow.o) (fabs)
C:/ST/STM32CubeIDE_1.13.2/STM32CubeIDE/plugins/com.st.stm32cube.ide.mcu.externaltools.gnu-tools-for-stm32.11.3.rel1.win32_1.1.1.202309131626/tools/bin/../lib/gcc/arm-none-eabi/11.3.1/../../../../arm-none-eabi/lib/thumb/v7e-m+fp/hard\libm.a(libm_a-s_scalbn.o)
                              C:/ST/STM32CubeIDE_1.13.2/STM32CubeIDE/plugins/com.st.stm32cube.ide.mcu.externaltools.gnu-tools-for-stm32.11.3.rel1.win32_1.1.1.202309131626/tools/bin/../lib/gcc/arm-none-eabi/11.3.1/../../../../arm-none-eabi/lib/thumb/v7e-m+fp/hard\libm.a(libm_a-e_pow.o) (scalbn)
C:/ST/STM32CubeIDE_1.13.2/STM32CubeIDE/plugins/com.st.stm32cube.ide.mcu.externaltools.gnu-tools-for-stm32.11.3.rel1.win32_1.1.1.202309131626/tools/bin/../lib/gcc/arm-none-eabi/11.3.1/../../../../arm-none-eabi/lib/thumb/v7e-m+fp/hard\libm.a(libm_a-math_err.o)
                              C:/ST/STM32CubeIDE_1.13.2/STM32CubeIDE/plugins/com.st.stm32cube.ide.mcu.externaltools.gnu-tools-for-stm32.11.3.rel1.win32_1.1.1.202309131626/tools/bin/../lib/gcc/arm-none-eabi/11.3.1/../../../../arm-none-eabi/lib/thumb/v7e-m+fp/hard\libm.a(libm_a-e_pow.o) (__math_uflow)
C:/ST/STM32CubeIDE_1.13.2/STM32CubeIDE/plugins/com.st.stm32cube.ide.mcu.externaltools.gnu-tools-for-stm32.11.3.rel1.win32_1.1.1.202309131626/tools/bin/../lib/gcc/arm-none-eabi/11.3.1/../../../../arm-none-eabi/lib/thumb/v7e-m+fp/hard\libm.a(libm_a-e_sqrt.o)
                              C:/ST/STM32CubeIDE_1.13.2/STM32CubeIDE/plugins/com.st.stm32cube.ide.mcu.externaltools.gnu-tools-for-stm32.11.3.rel1.win32_1.1.1.202309131626/tools/bin/../lib/gcc/arm-none-eabi/11.3.1/../../../../arm-none-eabi/lib/thumb/v7e-m+fp/hard\libm.a(libm_a-e_pow.o) (__ieee754_sqrt)
C:/ST/STM32CubeIDE_1.13.2/STM32CubeIDE/plugins/com.st.stm32cube.ide.mcu.externaltools.gnu-tools-for-stm32.11.3.rel1.win32_1.1.1.202309131626/tools/bin/../lib/gcc/arm-none-eabi/11.3.1/../../../../arm-none-eabi/lib/thumb/v7e-m+fp/hard\libc_nano.a(libc_a-exit.o)
                              C:/ST/STM32CubeIDE_1.13.2/STM32CubeIDE/plugins/com.st.stm32cube.ide.mcu.externaltools.gnu-tools-for-stm32.11.3.rel1.win32_1.1.1.202309131626/tools/bin/../lib/gcc/arm-none-eabi/11.3.1/../../../../arm-none-eabi/lib/thumb/v7e-m+fp/hard/crt0.o (exit)
C:/ST/STM32CubeIDE_1.13.2/STM32CubeIDE/plugins/com.st.stm32cube.ide.mcu.externaltools.gnu-tools-for-stm32.11.3.rel1.win32_1.1.1.202309131626/tools/bin/../lib/gcc/arm-none-eabi/11.3.1/../../../../arm-none-eabi/lib/thumb/v7e-m+fp/hard\libc_nano.a(libc_a-itoa.o)
                              ./Core/Src/main.o (itoa)
[...]
Memory Configuration

Name             Origin             Length             Attributes
CCMRAM           0x0000000010000000 0x0000000000010000 xrw
RAM              0x0000000020000000 0x0000000000020000 xrw
FLASH            0x0000000008000000 0x0000000000100000 xr
*default*        0x0000000000000000 0xffffffffffffffff

Linker script and memory map

LOAD C:/ST/STM32CubeIDE_1.13.2/STM32CubeIDE/plugins/com.st.stm32cube.ide.mcu.externaltools.gnu-tools-for-stm32.11.3.rel1.win32_1.1.1.202309131626/tools/bin/../lib/gcc/arm-none-eabi/11.3.1/thumb/v7e-m+fp/hard/crti.o
LOAD C:/ST/STM32CubeIDE_1.13.2/STM32CubeIDE/plugins/com.st.stm32cube.ide.mcu.externaltools.gnu-tools-for-stm32.11.3.rel1.win32_1.1.1.202309131626/tools/bin/../lib/gcc/arm-none-eabi/11.3.1/thumb/v7e-m+fp/hard/crtbegin.o
LOAD C:/ST/STM32CubeIDE_1.13.2/STM32CubeIDE/plugins/com.st.stm32cube.ide.mcu.externaltools.gnu-tools-for-stm32.11.3.rel1.win32_1.1.1.202309131626/tools/bin/../lib/gcc/arm-none-eabi/11.3.1/../../../../arm-none-eabi/lib/thumb/v7e-m+fp/hard/crt0.o
LOAD ./Core/Src/freertos.o
LOAD ./Core/Src/main.o
LOAD ./Core/Src/menu.o
LOAD ./Core/Src/stm32f4xx_hal_msp.o
LOAD ./Core/Src/stm32f4xx_hal_timebase_tim.o
LOAD ./Core/Src/stm32f4xx_it.o
LOAD ./Core/Src/syscalls.o
LOAD ./Core/Src/sysmem.o
LOAD ./Core/Src/system_stm32f4xx.o
LOAD ./Core/Src/u8g2/u8g2_bitmap.o
LOAD ./Core/Src/u8g2/u8g2_box.o
LOAD ./Core/Src/u8g2/u8g2_buffer.o
LOAD ./Core/Src/u8g2/u8g2_circle.o
LOAD ./Core/Src/u8g2/u8g2_cleardisplay.o
LOAD ./Core/Src/u8g2/u8g2_d_memory.o
LOAD ./Core/Src/u8g2/u8g2_d_setup.o
LOAD ./Core/Src/u8g2/u8g2_font.o
LOAD ./Core/Src/u8g2/u8g2_fonts.o
LOAD ./Core/Src/u8g2/u8g2_hvline.o
LOAD ./Core/Src/u8g2/u8g2_input_value.o
LOAD ./Core/Src/u8g2/u8g2_intersection.o
LOAD ./Core/Src/u8g2/u8g2_kerning.o
LOAD ./Core/Src/u8g2/u8g2_line.o
LOAD ./Core/Src/u8g2/u8g2_ll_hvline.o
LOAD ./Core/Src/u8g2/u8g2_message.o
LOAD ./Core/Src/u8g2/u8g2_polygon.o
LOAD ./Core/Src/u8g2/u8g2_selection_list.o
LOAD ./Core/Src/u8g2/u8g2_setup.o
LOAD ./Core/Src/u8g2/u8log.o
LOAD ./Core/Src/u8g2/u8log_u8g2.o
LOAD ./Core/Src/u8g2/u8log_u8x8.o
LOAD ./Core/Src/u8g2/u8x8_8x8.o
LOAD ./Core/Src/u8g2/u8x8_byte.o
LOAD ./Core/Src/u8g2/u8x8_cad.o
LOAD ./Core/Src/u8g2/u8x8_d_a2printer.o
LOAD ./Core/Src/u8g2/u8x8_d_il3820_296x128.o
LOAD ./Core/Src/u8g2/u8x8_d_ist3020.o
LOAD ./Core/Src/u8g2/u8x8_d_ks0108.o
LOAD ./Core/Src/u8g2/u8x8_d_lc7981.o
LOAD ./Core/Src/u8g2/u8x8_d_ld7032_60x32.o
LOAD ./Core/Src/u8g2/u8x8_d_ls013b7dh03.o
LOAD ./Core/Src/u8g2/u8x8_d_max7219.o
LOAD ./Core/Src/u8g2/u8x8_d_pcd8544_84x48.o
LOAD ./Core/Src/u8g2/u8x8_d_pcf8812.o
LOAD ./Core/Src/u8g2/u8x8_d_pcf8814_hx1230.o
LOAD ./Core/Src/u8g2/u8x8_d_sbn1661.o
LOAD ./Core/Src/u8g2/u8x8_d_sed1330.o
LOAD ./Core/Src/u8g2/u8x8_d_sh1106_64x32.o
LOAD ./Core/Src/u8g2/u8x8_d_sh1106_72x40.o
LOAD ./Core/Src/u8g2/u8x8_d_sh1107.o
LOAD ./Core/Src/u8g2/u8x8_d_sh1108.o
LOAD ./Core/Src/u8g2/u8x8_d_sh1122.o
LOAD ./Core/Src/u8g2/u8x8_d_ssd1305.o
LOAD ./Core/Src/u8g2/u8x8_d_ssd1306_128x32.o
LOAD ./Core/Src/u8g2/u8x8_d_ssd1306_128x64_noname.o
LOAD ./Core/Src/u8g2/u8x8_d_ssd1306_48x64.o
LOAD ./Core/Src/u8g2/u8x8_d_ssd1306_64x32.o
LOAD ./Core/Src/u8g2/u8x8_d_ssd1306_64x48.o
LOAD ./Core/Src/u8g2/u8x8_d_ssd1306_96x16.o
LOAD ./Core/Src/u8g2/u8x8_d_ssd1309.o
LOAD ./Core/Src/u8g2/u8x8_d_ssd1317.o
LOAD ./Core/Src/u8g2/u8x8_d_ssd1318.o
LOAD ./Core/Src/u8g2/u8x8_d_ssd1322.o
LOAD ./Core/Src/u8g2/u8x8_d_ssd1325.o
LOAD ./Core/Src/u8g2/u8x8_d_ssd1326.o
LOAD ./Core/Src/u8g2/u8x8_d_ssd1327.o
LOAD ./Core/Src/u8g2/u8x8_d_ssd1329.o
LOAD ./Core/Src/u8g2/u8x8_d_ssd1606_172x72.o
LOAD ./Core/Src/u8g2/u8x8_d_ssd1607_200x200.o
LOAD ./Core/Src/u8g2/u8x8_d_st75256.o
LOAD ./Core/Src/u8g2/u8x8_d_st7565.o
LOAD ./Core/Src/u8g2/u8x8_d_st7567.o
LOAD ./Core/Src/u8g2/u8x8_d_st7586s_erc240160.o
LOAD ./Core/Src/u8g2/u8x8_d_st7586s_s028hn118a.o
LOAD ./Core/Src/u8g2/u8x8_d_st7588.o
LOAD ./Core/Src/u8g2/u8x8_d_st7920.o
LOAD ./Core/Src/u8g2/u8x8_d_stdio.o
LOAD ./Core/Src/u8g2/u8x8_d_t6963.o
LOAD ./Core/Src/u8g2/u8x8_d_uc1601.o
LOAD ./Core/Src/u8g2/u8x8_d_uc1604.o
LOAD ./Core/Src/u8g2/u8x8_d_uc1608.o
LOAD ./Core/Src/u8g2/u8x8_d_uc1610.o
LOAD ./Core/Src/u8g2/u8x8_d_uc1611.o
LOAD ./Core/Src/u8g2/u8x8_d_uc1617.o
LOAD ./Core/Src/u8g2/u8x8_d_uc1638.o
LOAD ./Core/Src/u8g2/u8x8_d_uc1701_dogs102.o
LOAD ./Core/Src/u8g2/u8x8_d_uc1701_mini12864.o
LOAD ./Core/Src/u8g2/u8x8_debounce.o
LOAD ./Core/Src/u8g2/u8x8_display.o
LOAD ./Core/Src/u8g2/u8x8_fonts.o
LOAD ./Core/Src/u8g2/u8x8_gpio.o
LOAD ./Core/Src/u8g2/u8x8_input_value.o
LOAD ./Core/Src/u8g2/u8x8_message.o
LOAD ./Core/Src/u8g2/u8x8_selection_list.o
LOAD ./Core/Src/u8g2/u8x8_setup.o
LOAD ./Core/Src/u8g2/u8x8_string.o
LOAD ./Core/Src/u8g2/u8x8_u16toa.o
LOAD ./Core/Src/u8g2/u8x8_u8toa.o
LOAD ./Core/Startup/startup_stm32f407zgtx.o
LOAD ./Drivers/STM32F4xx_HAL_Driver/Src/stm32f4xx_hal.o
LOAD ./Drivers/STM32F4xx_HAL_Driver/Src/stm32f4xx_hal_cortex.o
LOAD ./Drivers/STM32F4xx_HAL_Driver/Src/stm32f4xx_hal_dma.o
LOAD ./Drivers/STM32F4xx_HAL_Driver/Src/stm32f4xx_hal_dma_ex.o
LOAD ./Drivers/STM32F4xx_HAL_Driver/Src/stm32f4xx_hal_exti.o
LOAD ./Drivers/STM32F4xx_HAL_Driver/Src/stm32f4xx_hal_flash.o
LOAD ./Drivers/STM32F4xx_HAL_Driver/Src/stm32f4xx_hal_flash_ex.o
LOAD ./Drivers/STM32F4xx_HAL_Driver/Src/stm32f4xx_hal_flash_ramfunc.o
LOAD ./Drivers/STM32F4xx_HAL_Driver/Src/stm32f4xx_hal_gpio.o
LOAD ./Drivers/STM32F4xx_HAL_Driver/Src/stm32f4xx_hal_pwr.o
LOAD ./Drivers/STM32F4xx_HAL_Driver/Src/stm32f4xx_hal_pwr_ex.o
LOAD ./Drivers/STM32F4xx_HAL_Driver/Src/stm32f4xx_hal_rcc.o
LOAD ./Drivers/STM32F4xx_HAL_Driver/Src/stm32f4xx_hal_rcc_ex.o
LOAD ./Drivers/STM32F4xx_HAL_Driver/Src/stm32f4xx_hal_tim.o
LOAD ./Drivers/STM32F4xx_HAL_Driver/Src/stm32f4xx_hal_tim_ex.o
LOAD ./Middlewares/Third_Party/FreeRTOS/Source/CMSIS_RTOS_V2/cmsis_os2.o
LOAD ./Middlewares/Third_Party/FreeRTOS/Source/croutine.o
LOAD ./Middlewares/Third_Party/FreeRTOS/Source/event_groups.o
LOAD ./Middlewares/Third_Party/FreeRTOS/Source/list.o
LOAD ./Middlewares/Third_Party/FreeRTOS/Source/queue.o
LOAD ./Middlewares/Third_Party/FreeRTOS/Source/stream_buffer.o
LOAD ./Middlewares/Third_Party/FreeRTOS/Source/tasks.o
LOAD ./Middlewares/Third_Party/FreeRTOS/Source/timers.o
LOAD ./Middlewares/Third_Party/FreeRTOS/Source/portable/GCC/ARM_CM4F/port.o
LOAD ./Middlewares/Third_Party/FreeRTOS/Source/portable/MemMang/heap_4.o
START GROUP
LOAD C:/ST/STM32CubeIDE_1.13.2/STM32CubeIDE/plugins/com.st.stm32cube.ide.mcu.externaltools.gnu-tools-for-stm32.11.3.rel1.win32_1.1.1.202309131626/tools/bin/../lib/gcc/arm-none-eabi/11.3.1/../../../../arm-none-eabi/lib/thumb/v7e-m+fp/hard\libstdc++_nano.a
LOAD C:/ST/STM32CubeIDE_1.13.2/STM32CubeIDE/plugins/com.st.stm32cube.ide.mcu.externaltools.gnu-tools-for-stm32.11.3.rel1.win32_1.1.1.202309131626/tools/bin/../lib/gcc/arm-none-eabi/11.3.1/../../../../arm-none-eabi/lib/thumb/v7e-m+fp/hard\libsupc++_nano.a
END GROUP
LOAD C:/ST/STM32CubeIDE_1.13.2/STM32CubeIDE/plugins/com.st.stm32cube.ide.mcu.externaltools.gnu-tools-for-stm32.11.3.rel1.win32_1.1.1.202309131626/tools/bin/../lib/gcc/arm-none-eabi/11.3.1/../../../../arm-none-eabi/lib/thumb/v7e-m+fp/hard\libstdc++_nano.a
LOAD C:/ST/STM32CubeIDE_1.13.2/STM32CubeIDE/plugins/com.st.stm32cube.ide.mcu.externaltools.gnu-tools-for-stm32.11.3.rel1.win32_1.1.1.202309131626/tools/bin/../lib/gcc/arm-none-eabi/11.3.1/../../../../arm-none-eabi/lib/thumb/v7e-m+fp/hard\libm.a
LOAD C:/ST/STM32CubeIDE_1.13.2/STM32CubeIDE/plugins/com.st.stm32cube.ide.mcu.externaltools.gnu-tools-for-stm32.11.3.rel1.win32_1.1.1.202309131626/tools/bin/../lib/gcc/arm-none-eabi/11.3.1/../../../../arm-none-eabi/lib/thumb/v7e-m+fp/hard\libc_nano.a
START GROUP
LOAD C:/ST/STM32CubeIDE_1.13.2/STM32CubeIDE/plugins/com.st.stm32cube.ide.mcu.externaltools.gnu-tools-for-stm32.11.3.rel1.win32_1.1.1.202309131626/tools/bin/../lib/gcc/arm-none-eabi/11.3.1/thumb/v7e-m+fp/hard\libgcc.a
LOAD C:/ST/STM32CubeIDE_1.13.2/STM32CubeIDE/plugins/com.st.stm32cube.ide.mcu.externaltools.gnu-tools-for-stm32.11.3.rel1.win32_1.1.1.202309131626/tools/bin/../lib/gcc/arm-none-eabi/11.3.1/../../../../arm-none-eabi/lib/thumb/v7e-m+fp/hard\libc_nano.a
END GROUP
START GROUP
LOAD C:/ST/STM32CubeIDE_1.13.2/STM32CubeIDE/plugins/com.st.stm32cube.ide.mcu.externaltools.gnu-tools-for-stm32.11.3.rel1.win32_1.1.1.202309131626/tools/bin/../lib/gcc/arm-none-eabi/11.3.1/thumb/v7e-m+fp/hard\libgcc.a
LOAD C:/ST/STM32CubeIDE_1.13.2/STM32CubeIDE/plugins/com.st.stm32cube.ide.mcu.externaltools.gnu-tools-for-stm32.11.3.rel1.win32_1.1.1.202309131626/tools/bin/../lib/gcc/arm-none-eabi/11.3.1/../../../../arm-none-eabi/lib/thumb/v7e-m+fp/hard\libc_nano.a
LOAD C:/ST/STM32CubeIDE_1.13.2/STM32CubeIDE/plugins/com.st.stm32cube.ide.mcu.externaltools.gnu-tools-for-stm32.11.3.rel1.win32_1.1.1.202309131626/tools/bin/../lib/gcc/arm-none-eabi/11.3.1/../../../../arm-none-eabi/lib/thumb/v7e-m+fp/hard\libnosys.a
END GROUP
START GROUP
LOAD C:/ST/STM32CubeIDE_1.13.2/STM32CubeIDE/plugins/com.st.stm32cube.ide.mcu.externaltools.gnu-tools-for-stm32.11.3.rel1.win32_1.1.1.202309131626/tools/bin/../lib/gcc/arm-none-eabi/11.3.1/thumb/v7e-m+fp/hard\libgcc.a
LOAD C:/ST/STM32CubeIDE_1.13.2/STM32CubeIDE/plugins/com.st.stm32cube.ide.mcu.externaltools.gnu-tools-for-stm32.11.3.rel1.win32_1.1.1.202309131626/tools/bin/../lib/gcc/arm-none-eabi/11.3.1/../../../../arm-none-eabi/lib/thumb/v7e-m+fp/hard\libc_nano.a
LOAD C:/ST/STM32CubeIDE_1.13.2/STM32CubeIDE/plugins/com.st.stm32cube.ide.mcu.externaltools.gnu-tools-for-stm32.11.3.rel1.win32_1.1.1.202309131626/tools/bin/../lib/gcc/arm-none-eabi/11.3.1/../../../../arm-none-eabi/lib/thumb/v7e-m+fp/hard\libnosys.a
END GROUP
LOAD C:/ST/STM32CubeIDE_1.13.2/STM32CubeIDE/plugins/com.st.stm32cube.ide.mcu.externaltools.gnu-tools-for-stm32.11.3.rel1.win32_1.1.1.202309131626/tools/bin/../lib/gcc/arm-none-eabi/11.3.1/thumb/v7e-m+fp/hard/crtend.o
LOAD C:/ST/STM32CubeIDE_1.13.2/STM32CubeIDE/plugins/com.st.stm32cube.ide.mcu.externaltools.gnu-tools-for-stm32.11.3.rel1.win32_1.1.1.202309131626/tools/bin/../lib/gcc/arm-none-eabi/11.3.1/thumb/v7e-m+fp/hard/crtn.o
                0x0000000020020000                _estack = (ORIGIN (RAM) + LENGTH (RAM))
                0x0000000000002000                _Min_Heap_Size = 0x2000
                0x0000000000004000                _Min_Stack_Size = 0x4000

.isr_vector     0x0000000008000000      0x188
                0x0000000008000000                . = ALIGN (0x4)
 *(.isr_vector)
 .isr_vector    0x0000000008000000      0x188 ./Core/Startup/startup_stm32f407zgtx.o
                0x0000000008000000                g_pfnVectors
                0x0000000008000188                . = ALIGN (0x4)

.text           0x0000000008000190     0xc528
                0x0000000008000190                . = ALIGN (0x4)
 *(.text)
 .text          0x0000000008000190       0x40 C:/ST/STM32CubeIDE_1.13.2/STM32CubeIDE/plugins/com.st.stm32cube.ide.mcu.externaltools.gnu-tools-for-stm32.11.3.rel1.win32_1.1.1.202309131626/tools/bin/../lib/gcc/arm-none-eabi/11.3.1/thumb/v7e-m+fp/hard/crtbegin.o
 .text          0x00000000080001d0       0xa0 C:/ST/STM32CubeIDE_1.13.2/STM32CubeIDE/plugins/com.st.stm32cube.ide.mcu.externaltools.gnu-tools-for-stm32.11.3.rel1.win32_1.1.1.202309131626/tools/bin/../lib/gcc/arm-none-eabi/11.3.1/../../../../arm-none-eabi/lib/thumb/v7e-m+fp/hard\libc_nano.a(libc_a-memchr.o)
                0x00000000080001d0                memchr
 .text          0x0000000008000270       0x10 C:/ST/STM32CubeIDE_1.13.2/STM32CubeIDE/plugins/com.st.stm32cube.ide.mcu.externaltools.gnu-tools-for-stm32.11.3.rel1.win32_1.1.1.202309131626/tools/bin/../lib/gcc/arm-none-eabi/11.3.1/../../../../arm-none-eabi/lib/thumb/v7e-m+fp/hard\libc_nano.a(libc_a-strlen.o)
                0x0000000008000270                strlen
 .text          0x0000000008000280      0x378 C:/ST/STM32CubeIDE_1.13.2/STM32CubeIDE/plugins/com.st.stm32cube.ide.mcu.externaltools.gnu-tools-for-stm32.11.3.rel1.win32_1.1.1.202309131626/tools/bin/../lib/gcc/arm-none-eabi/11.3.1/thumb/v7e-m+fp/hard\libgcc.a(_arm_addsubdf3.o)
                0x0000000008000280                __aeabi_drsub
                0x0000000008000288                __subdf3
                0x0000000008000288                __aeabi_dsub
                0x000000000800028c                __aeabi_dadd
                0x000000000800028c                __adddf3
                0x0000000008000504                __floatunsidf
                0x0000000008000504                __aeabi_ui2d
                0x0000000008000524                __aeabi_i2d
                0x0000000008000524                __floatsidf
                0x0000000008000548                __extendsfdf2
                0x0000000008000548                __aeabi_f2d
                0x000000000800058c                __floatundidf
                0x000000000800058c                __aeabi_ul2d
                0x000000000800059c                __aeabi_l2d
                0x000000000800059c                __floatdidf
 .text          0x00000000080005f8      0x424 C:/ST/STM32CubeIDE_1.13.2/STM32CubeIDE/plugins/com.st.stm32cube.ide.mcu.externaltools.gnu-tools-for-stm32.11.3.rel1.win32_1.1.1.202309131626/tools/bin/../lib/gcc/arm-none-eabi/11.3.1/thumb/v7e-m+fp/hard\libgcc.a(_arm_muldivdf3.o)
                0x00000000080005f8                __aeabi_dmul
                0x00000000080005f8                __muldf3
                0x000000000800084c                __divdf3
                0x000000000800084c                __aeabi_ddiv
 .text          0x0000000008000a1c      0x110 C:/ST/STM32CubeIDE_1.13.2/STM32CubeIDE/plugins/com.st.stm32cube.ide.mcu.externaltools.gnu-tools-for-stm32.11.3.rel1.win32_1.1.1.202309131626/tools/bin/../lib/gcc/arm-none-eabi/11.3.1/thumb/v7e-m+fp/hard\libgcc.a(_arm_cmpdf2.o)
                0x0000000008000a1c                __gtdf2
                0x0000000008000a1c                __gedf2
                0x0000000008000a24                __ltdf2
                0x0000000008000a24                __ledf2
                0x0000000008000a2c                __nedf2
                0x0000000008000a2c                __cmpdf2
                0x0000000008000a2c                __eqdf2
                0x0000000008000aa8                __aeabi_cdrcmple
                0x0000000008000ab8                __aeabi_cdcmple
                0x0000000008000ab8                __aeabi_cdcmpeq
                0x0000000008000ac8                __aeabi_dcmpeq
                0x0000000008000adc                __aeabi_dcmplt
                0x0000000008000af0                __aeabi_dcmple
                0x0000000008000b04                __aeabi_dcmpge
                0x0000000008000b18                __aeabi_dcmpgt
 .text          0x0000000008000b2c       0x2c C:/ST/STM32CubeIDE_1.13.2/STM32CubeIDE/plugins/com.st.stm32cube.ide.mcu.externaltools.gnu-tools-for-stm32.11.3.rel1.win32_1.1.1.202309131626/tools/bin/../lib/gcc/arm-none-eabi/11.3.1/thumb/v7e-m+fp/hard\libgcc.a(_arm_unorddf2.o)
                0x0000000008000b2c                __unorddf2
                0x0000000008000b2c                __aeabi_dcmpun
 .text          0x0000000008000b58       0x50 C:/ST/STM32CubeIDE_1.13.2/STM32CubeIDE/plugins/com.st.stm32cube.ide.mcu.externaltools.gnu-tools-for-stm32.11.3.rel1.win32_1.1.1.202309131626/tools/bin/../lib/gcc/arm-none-eabi/11.3.1/thumb/v7e-m+fp/hard\libgcc.a(_arm_fixdfsi.o)
                0x0000000008000b58                __fixdfsi
                0x0000000008000b58                __aeabi_d2iz
 .text          0x0000000008000ba8       0x40 C:/ST/STM32CubeIDE_1.13.2/STM32CubeIDE/plugins/com.st.stm32cube.ide.mcu.externaltools.gnu-tools-for-stm32.11.3.rel1.win32_1.1.1.202309131626/tools/bin/../lib/gcc/arm-none-eabi/11.3.1/thumb/v7e-m+fp/hard\libgcc.a(_arm_fixunsdfsi.o)
                0x0000000008000ba8                __fixunsdfsi
                0x0000000008000ba8                __aeabi_d2uiz
 .text          0x0000000008000be8       0xa0 C:/ST/STM32CubeIDE_1.13.2/STM32CubeIDE/plugins/com.st.stm32cube.ide.mcu.externaltools.gnu-tools-for-stm32.11.3.rel1.win32_1.1.1.202309131626/tools/bin/../lib/gcc/arm-none-eabi/11.3.1/thumb/v7e-m+fp/hard\libgcc.a(_arm_truncdfsf2.o)
                0x0000000008000be8                __truncdfsf2
                0x0000000008000be8                __aeabi_d2f
 .text          0x0000000008000c88       0x30 C:/ST/STM32CubeIDE_1.13.2/STM32CubeIDE/plugins/com.st.stm32cube.ide.mcu.externaltools.gnu-tools-for-stm32.11.3.rel1.win32_1.1.1.202309131626/tools/bin/../lib/gcc/arm-none-eabi/11.3.1/thumb/v7e-m+fp/hard\libgcc.a(_aeabi_uldivmod.o)
                0x0000000008000c88                __aeabi_uldivmod
 .text          0x0000000008000cb8       0x30 C:/ST/STM32CubeIDE_1.13.2/STM32CubeIDE/plugins/com.st.stm32cube.ide.mcu.externaltools.gnu-tools-for-stm32.11.3.rel1.win32_1.1.1.202309131626/tools/bin/../lib/gcc/arm-none-eabi/11.3.1/thumb/v7e-m+fp/hard\libgcc.a(_fixdfdi.o)
                0x0000000008000cb8                __aeabi_d2lz
                0x0000000008000cb8                __fixdfdi
 .text          0x0000000008000ce8       0x3c C:/ST/STM32CubeIDE_1.13.2/STM32CubeIDE/plugins/com.st.stm32cube.ide.mcu.externaltools.gnu-tools-for-stm32.11.3.rel1.win32_1.1.1.202309131626/tools/bin/../lib/gcc/arm-none-eabi/11.3.1/thumb/v7e-m+fp/hard\libgcc.a(_fixunsdfdi.o)
                0x0000000008000ce8                __fixunsdfdi
                0x0000000008000ce8                __aeabi_d2ulz
 .text          0x0000000008000d24      0x2c8 C:/ST/STM32CubeIDE_1.13.2/STM32CubeIDE/plugins/com.st.stm32cube.ide.mcu.externaltools.gnu-tools-for-stm32.11.3.rel1.win32_1.1.1.202309131626/tools/bin/../lib/gcc/arm-none-eabi/11.3.1/thumb/v7e-m+fp/hard\libgcc.a(_udivmoddi4.o)
                0x0000000008000d24                __udivmoddi4
 .text          0x0000000008000fec        0x4 C:/ST/STM32CubeIDE_1.13.2/STM32CubeIDE/plugins/com.st.stm32cube.ide.mcu.externaltools.gnu-tools-for-stm32.11.3.rel1.win32_1.1.1.202309131626/tools/bin/../lib/gcc/arm-none-eabi/11.3.1/thumb/v7e-m+fp/hard\libgcc.a(_dvmd_tls.o)
                0x0000000008000fec                __aeabi_idiv0
                0x0000000008000fec                __aeabi_ldiv0
 *(.text*)
 .text.Level1Item2_Enter
                0x0000000008000ff0       0x38 ./Core/Src/main.o
 .text.Item_Select_Callback
                0x0000000008001028       0x38 ./Core/Src/main.o
 .text.Generic_Write
                0x0000000008001060      0x248 ./Core/Src/main.o
 .text.buttonListenFunction
                0x00000000080012a8       0xc4 ./Core/Src/main.o
                0x00000000080012a8                buttonListenFunction
 .text.u8g2_DrawDLine
                0x000000000800136c      0x12a ./Core/Src/main.o
                0x000000000800136c                u8g2_DrawDLine
 *fill*         0x0000000008001496        0x2 
 .text.DrawGraphChangingLength
                0x0000000008001498      0x1bc ./Core/Src/main.o
 *fill*         0x0000000008001654        0x4 
 .text.double_string
                0x0000000008001658      0x110 ./Core/Src/main.o
                0x0000000008001658                double_string
 .text.rewriteDisplayFunction
                0x0000000008001768      0x85c ./Core/Src/main.o
                0x0000000008001768                rewriteDisplayFunction
 .text.add_element
                0x0000000008001fc4       0x1c ./Core/Src/main.o
                0x0000000008001fc4                add_element
 .text.delay_us
                0x0000000008001fe0       0x14 ./Core/Src/main.o
                0x0000000008001fe0                delay_us
 .text.u8g2_gpio_and_delay_stm32
                0x0000000008001ff4       0xa8 ./Core/Src/main.o
                0x0000000008001ff4                u8g2_gpio_and_delay_stm32
 *fill*         0x000000000800209c        0x4 
 .text.HAL_TIM_IC_CaptureCallback
                0x00000000080020a0       0x78 ./Core/Src/main.o
                0x00000000080020a0                HAL_TIM_IC_CaptureCallback
 .text.HAL_TIM_PWM_PulseFinishedCallback
                0x0000000008002118       0x24 ./Core/Src/main.o
                0x0000000008002118                HAL_TIM_PWM_PulseFinishedCallback
 .text.SystemClock_Config
                0x000000000800213c       0xa4 ./Core/Src/main.o
                0x000000000800213c                SystemClock_Config
 .text.startup.main
                0x00000000080021e0      0x424 ./Core/Src/main.o
                0x00000000080021e0                main
 .text.HAL_TIM_PeriodElapsedCallback
                0x0000000008002604       0x14 ./Core/Src/main.o
                0x0000000008002604                HAL_TIM_PeriodElapsedCallback
 .text.Menu_GetCurrentMenu
                0x0000000008002618        0xc ./Core/Src/menu.o
                0x0000000008002618                Menu_GetCurrentMenu
 .text.Menu_GetCurrentLayerTopMenu
                0x0000000008002624        0xc ./Core/Src/menu.o
                0x0000000008002624                Menu_GetCurrentLayerTopMenu
 .text.Menu_SetCurrentLayerTopMenu
                0x0000000008002630        0xc ./Core/Src/menu.o
                0x0000000008002630                Menu_SetCurrentLayerTopMenu
 .text.Menu_Navigate
                0x000000000800263c       0x34 ./Core/Src/menu.o
                0x000000000800263c                Menu_Navigate
 .text.Menu_SetGenericWriteCallback
                0x0000000008002670        0xc ./Core/Src/menu.o
                0x0000000008002670                Menu_SetGenericWriteCallback
 .text.HAL_MspInit
                0x000000000800267c       0x84 ./Core/Src/stm32f4xx_hal_msp.o
                0x000000000800267c                HAL_MspInit
 .text.HAL_TIM_Base_MspInit
                0x0000000008002700      0x108 ./Core/Src/stm32f4xx_hal_msp.o
                0x0000000008002700                HAL_TIM_Base_MspInit
 .text.HAL_TIM_MspPostInit
                0x0000000008002808       0xbc ./Core/Src/stm32f4xx_hal_msp.o
                0x0000000008002808                HAL_TIM_MspPostInit
 .text.HAL_InitTick
                0x00000000080028c4       0x94 ./Core/Src/stm32f4xx_hal_timebase_tim.o
                0x00000000080028c4                HAL_InitTick
 .text.NMI_Handler
                0x0000000008002958        0x2 ./Core/Src/stm32f4xx_it.o
                0x0000000008002958                NMI_Handler
 .text.HardFault_Handler
                0x000000000800295a        0x2 ./Core/Src/stm32f4xx_it.o
                0x000000000800295a                HardFault_Handler
 .text.MemManage_Handler
                0x000000000800295c        0x2 ./Core/Src/stm32f4xx_it.o
                0x000000000800295c                MemManage_Handler
 .text.BusFault_Handler
                0x000000000800295e        0x2 ./Core/Src/stm32f4xx_it.o
                0x000000000800295e                BusFault_Handler
 .text.UsageFault_Handler
                0x0000000008002960        0x2 ./Core/Src/stm32f4xx_it.o
                0x0000000008002960                UsageFault_Handler
 .text.DebugMon_Handler
                0x0000000008002962        0x2 ./Core/Src/stm32f4xx_it.o
                0x0000000008002962                DebugMon_Handler
 .text.PVD_IRQHandler
                0x0000000008002964        0x4 ./Core/Src/stm32f4xx_it.o
                0x0000000008002964                PVD_IRQHandler
 .text.FLASH_IRQHandler
                0x0000000008002968        0x4 ./Core/Src/stm32f4xx_it.o
                0x0000000008002968                FLASH_IRQHandler
 .text.RCC_IRQHandler
                0x000000000800296c        0x2 ./Core/Src/stm32f4xx_it.o
                0x000000000800296c                RCC_IRQHandler
 *fill*         0x000000000800296e        0x2 
 .text.TIM1_BRK_TIM9_IRQHandler
                0x0000000008002970        0xc ./Core/Src/stm32f4xx_it.o
                0x0000000008002970                TIM1_BRK_TIM9_IRQHandler
 .text.TIM1_UP_TIM10_IRQHandler
                0x000000000800297c       0x1c ./Core/Src/stm32f4xx_it.o
                0x000000000800297c                TIM1_UP_TIM10_IRQHandler
 .text.TIM8_UP_TIM13_IRQHandler
                0x0000000008002998        0xc ./Core/Src/stm32f4xx_it.o
                0x0000000008002998                TIM8_UP_TIM13_IRQHandler
 .text.TIM8_TRG_COM_TIM14_IRQHandler
                0x00000000080029a4        0xc ./Core/Src/stm32f4xx_it.o
                0x00000000080029a4                TIM8_TRG_COM_TIM14_IRQHandler
 .text.FPU_IRQHandler
                0x00000000080029b0        0x2 ./Core/Src/stm32f4xx_it.o
                0x00000000080029b0                FPU_IRQHandler
 .text._getpid  0x00000000080029b2        0x4 ./Core/Src/syscalls.o
                0x00000000080029b2                _getpid
 .text._kill    0x00000000080029b6       0x10 ./Core/Src/syscalls.o
                0x00000000080029b6                _kill
 .text._exit    0x00000000080029c6        0xc ./Core/Src/syscalls.o
                0x00000000080029c6                _exit
 .text._read    0x00000000080029d2       0x1c ./Core/Src/syscalls.o
                0x00000000080029d2                _read
 .text._write   0x00000000080029ee       0x1c ./Core/Src/syscalls.o
                0x00000000080029ee                _write
 .text._close   0x0000000008002a0a        0x6 ./Core/Src/syscalls.o
                0x0000000008002a0a                _close
 .text._fstat   0x0000000008002a10        0xa ./Core/Src/syscalls.o
                0x0000000008002a10                _fstat
 .text._isatty  0x0000000008002a1a        0x4 ./Core/Src/syscalls.o
                0x0000000008002a1a                _isatty
 .text._lseek   0x0000000008002a1e        0x4 ./Core/Src/syscalls.o
                0x0000000008002a1e                _lseek
 *fill*         0x0000000008002a22        0x2 
 .text._sbrk    0x0000000008002a24       0x40 ./Core/Src/sysmem.o
                0x0000000008002a24                _sbrk
 .text.SystemInit
                0x0000000008002a64       0x14 ./Core/Src/system_stm32f4xx.o
                0x0000000008002a64                SystemInit
 .text.u8g2_DrawBox
                0x0000000008002a78       0x44 ./Core/Src/u8g2/u8g2_box.o
                0x0000000008002a78                u8g2_DrawBox
 .text.u8g2_DrawFrame
                0x0000000008002abc       0x78 ./Core/Src/u8g2/u8g2_box.o
                0x0000000008002abc                u8g2_DrawFrame
 .text.u8g2_DrawRBox
                0x0000000008002b34       0xec ./Core/Src/u8g2/u8g2_box.o
                0x0000000008002b34                u8g2_DrawRBox
 .text.u8g2_send_buffer
                0x0000000008002c20       0x50 ./Core/Src/u8g2/u8g2_buffer.o
 .text.u8g2_ClearBuffer
                0x0000000008002c70       0x16 ./Core/Src/u8g2/u8g2_buffer.o
                0x0000000008002c70                u8g2_ClearBuffer
 .text.u8g2_SendBuffer
                0x0000000008002c86       0x12 ./Core/Src/u8g2/u8g2_buffer.o
                0x0000000008002c86                u8g2_SendBuffer
 .text.u8g2_SetBufferCurrTileRow
                0x0000000008002c98       0x1a ./Core/Src/u8g2/u8g2_buffer.o
                0x0000000008002c98                u8g2_SetBufferCurrTileRow
 .text.u8g2_FirstPage
                0x0000000008002cb2       0x1a ./Core/Src/u8g2/u8g2_buffer.o
                0x0000000008002cb2                u8g2_FirstPage
 .text.u8g2_NextPage
                0x0000000008002ccc       0x3e ./Core/Src/u8g2/u8g2_buffer.o
                0x0000000008002ccc                u8g2_NextPage
 .text.u8g2_draw_disc_section
                0x0000000008002d0a       0xc2 ./Core/Src/u8g2/u8g2_circle.o
 .text.u8g2_DrawDisc
                0x0000000008002dcc       0x88 ./Core/Src/u8g2/u8g2_circle.o
                0x0000000008002dcc                u8g2_DrawDisc
 .text.u8g2_m_30_16_2
                0x0000000008002e54        0xc ./Core/Src/u8g2/u8g2_d_memory.o
                0x0000000008002e54                u8g2_m_30_16_2
 .text.u8g2_Setup_uc1608_240x128_2
                0x0000000008002e60       0x3c ./Core/Src/u8g2/u8g2_d_setup.o
                0x0000000008002e60                u8g2_Setup_uc1608_240x128_2
 .text.u8g2_font_get_word
                0x0000000008002e9c        0xe ./Core/Src/u8g2/u8g2_font.o
 .text.u8g2_add_vector_y
                0x0000000008002eaa       0x1c ./Core/Src/u8g2/u8g2_font.o
 .text.u8g2_add_vector_x
                0x0000000008002ec6       0x1c ./Core/Src/u8g2/u8g2_font.o
 .text.u8g2_font_calc_vref_font
                0x0000000008002ee2        0x4 ./Core/Src/u8g2/u8g2_font.o
                0x0000000008002ee2                u8g2_font_calc_vref_font
 .text.u8g2_read_font_info
                0x0000000008002ee6       0x6a ./Core/Src/u8g2/u8g2_font.o
                0x0000000008002ee6                u8g2_read_font_info
 .text.u8g2_font_decode_get_unsigned_bits
                0x0000000008002f50       0x3c ./Core/Src/u8g2/u8g2_font.o
                0x0000000008002f50                u8g2_font_decode_get_unsigned_bits
 .text.u8g2_font_setup_decode
                0x0000000008002f8c       0x40 ./Core/Src/u8g2/u8g2_font.o
 .text.u8g2_font_decode_get_signed_bits
                0x0000000008002fcc       0x14 ./Core/Src/u8g2/u8g2_font.o
                0x0000000008002fcc                u8g2_font_decode_get_signed_bits
 .text.u8g2_font_decode_len
                0x0000000008002fe0       0x9c ./Core/Src/u8g2/u8g2_font.o
                0x0000000008002fe0                u8g2_font_decode_len
 .text.u8g2_font_decode_glyph
                0x000000000800307c      0x130 ./Core/Src/u8g2/u8g2_font.o
                0x000000000800307c                u8g2_font_decode_glyph
 .text.u8g2_font_get_glyph_data
                0x00000000080031ac       0x6e ./Core/Src/u8g2/u8g2_font.o
                0x00000000080031ac                u8g2_font_get_glyph_data
 .text.u8g2_DrawGlyph
                0x000000000800321a       0x5a ./Core/Src/u8g2/u8g2_font.o
                0x000000000800321a                u8g2_DrawGlyph
 .text.u8g2_draw_string
                0x0000000008003274       0x6e ./Core/Src/u8g2/u8g2_font.o
 *fill*         0x00000000080032e2        0x2 
 .text.u8g2_DrawStr
                0x00000000080032e4       0x14 ./Core/Src/u8g2/u8g2_font.o
                0x00000000080032e4                u8g2_DrawStr
 .text.u8g2_DrawUTF8
                0x00000000080032f8       0x14 ./Core/Src/u8g2/u8g2_font.o
                0x00000000080032f8                u8g2_DrawUTF8
 .text.u8g2_UpdateRefHeight
                0x000000000800330c       0x58 ./Core/Src/u8g2/u8g2_font.o
                0x000000000800330c                u8g2_UpdateRefHeight
 .text.u8g2_SetFontPosBaseline
                0x0000000008003364        0xc ./Core/Src/u8g2/u8g2_font.o
                0x0000000008003364                u8g2_SetFontPosBaseline
 .text.u8g2_SetFont
                0x0000000008003370       0x1e ./Core/Src/u8g2/u8g2_font.o
                0x0000000008003370                u8g2_SetFont
 .text.u8g2_draw_hv_line_2dir
                0x000000000800338e       0x18 ./Core/Src/u8g2/u8g2_hvline.o
                0x000000000800338e                u8g2_draw_hv_line_2dir
 .text.u8g2_DrawHVLine
                0x00000000080033a6       0xd0 ./Core/Src/u8g2/u8g2_hvline.o
                0x00000000080033a6                u8g2_DrawHVLine
 .text.u8g2_DrawHLine
                0x0000000008003476        0xe ./Core/Src/u8g2/u8g2_hvline.o
                0x0000000008003476                u8g2_DrawHLine
 .text.u8g2_DrawVLine
                0x0000000008003484        0xe ./Core/Src/u8g2/u8g2_hvline.o
                0x0000000008003484                u8g2_DrawVLine
 .text.u8g2_DrawPixel
                0x0000000008003492       0x30 ./Core/Src/u8g2/u8g2_hvline.o
                0x0000000008003492                u8g2_DrawPixel
 .text.u8g2_SetDrawColor
                0x00000000080034c2        0xc ./Core/Src/u8g2/u8g2_hvline.o
                0x00000000080034c2                u8g2_SetDrawColor
 .text.u8g2_is_intersection_decision_tree
                0x00000000080034ce       0x1e ./Core/Src/u8g2/u8g2_intersection.o
                0x00000000080034ce                u8g2_is_intersection_decision_tree
 .text.u8g2_IsIntersection
                0x00000000080034ec       0x30 ./Core/Src/u8g2/u8g2_intersection.o
                0x00000000080034ec                u8g2_IsIntersection
 .text.u8g2_DrawLine
                0x000000000800351c       0xc8 ./Core/Src/u8g2/u8g2_line.o
                0x000000000800351c                u8g2_DrawLine
 .text.u8g2_ll_hvline_vertical_top_lsb
                0x00000000080035e4       0x8c ./Core/Src/u8g2/u8g2_ll_hvline.o
                0x00000000080035e4                u8g2_ll_hvline_vertical_top_lsb
 .text.u8g2_update_dimension_common
                0x0000000008003670       0x5a ./Core/Src/u8g2/u8g2_setup.o
 .text.u8g2_update_dimension_r0
                0x00000000080036ca        0x4 ./Core/Src/u8g2/u8g2_setup.o
                0x00000000080036ca                u8g2_update_dimension_r0
 .text.u8g2_draw_l90_r0
                0x00000000080036ce       0x10 ./Core/Src/u8g2/u8g2_setup.o
                0x00000000080036ce                u8g2_draw_l90_r0
 .text.u8g2_apply_clip_window
                0x00000000080036de       0x6c ./Core/Src/u8g2/u8g2_setup.o
 .text.u8g2_update_page_win_r0
                0x000000000800374a       0x22 ./Core/Src/u8g2/u8g2_setup.o
                0x000000000800374a                u8g2_update_page_win_r0
 .text.u8g2_SetMaxClipWindow
                0x000000000800376c       0x16 ./Core/Src/u8g2/u8g2_setup.o
                0x000000000800376c                u8g2_SetMaxClipWindow
 .text.u8g2_SetupBuffer
                0x0000000008003782       0x3e ./Core/Src/u8g2/u8g2_setup.o
                0x0000000008003782                u8g2_SetupBuffer
 .text.u8x8_ascii_next
                0x00000000080037c0       0x10 ./Core/Src/u8g2/u8x8_8x8.o
                0x00000000080037c0                u8x8_ascii_next
 .text.u8x8_utf8_next
                0x00000000080037d0       0x82 ./Core/Src/u8g2/u8x8_8x8.o
                0x00000000080037d0                u8x8_utf8_next
 .text.u8x8_utf8_init
                0x0000000008003852        0x8 ./Core/Src/u8g2/u8x8_8x8.o
                0x0000000008003852                u8x8_utf8_init
 .text.u8x8_byte_SetDC
                0x000000000800385a       0x12 ./Core/Src/u8g2/u8x8_byte.o
                0x000000000800385a                u8x8_byte_SetDC
 .text.u8x8_byte_SendBytes
                0x000000000800386c       0x12 ./Core/Src/u8g2/u8x8_byte.o
                0x000000000800386c                u8x8_byte_SendBytes
 .text.u8x8_byte_SendByte
                0x000000000800387e       0x16 ./Core/Src/u8g2/u8x8_byte.o
                0x000000000800387e                u8x8_byte_SendByte
 .text.u8x8_byte_8bit_8080mode
                0x0000000008003894       0xd0 ./Core/Src/u8g2/u8x8_byte.o
                0x0000000008003894                u8x8_byte_8bit_8080mode
 .text.u8x8_cad_SendCmd
                0x0000000008003964       0x12 ./Core/Src/u8g2/u8x8_cad.o
                0x0000000008003964                u8x8_cad_SendCmd
 .text.u8x8_cad_SendArg
                0x0000000008003976       0x12 ./Core/Src/u8g2/u8x8_cad.o
                0x0000000008003976                u8x8_cad_SendArg
 .text.u8x8_cad_SendData
                0x0000000008003988       0x12 ./Core/Src/u8g2/u8x8_cad.o
                0x0000000008003988                u8x8_cad_SendData
 .text.u8x8_cad_StartTransfer
                0x000000000800399a       0x12 ./Core/Src/u8g2/u8x8_cad.o
                0x000000000800399a                u8x8_cad_StartTransfer
 .text.u8x8_cad_EndTransfer
                0x00000000080039ac       0x12 ./Core/Src/u8g2/u8x8_cad.o
                0x00000000080039ac                u8x8_cad_EndTransfer
 .text.u8x8_cad_SendSequence
                0x00000000080039be       0x62 ./Core/Src/u8g2/u8x8_cad.o
                0x00000000080039be                u8x8_cad_SendSequence
 .text.u8x8_cad_001
                0x0000000008003a20       0x4e ./Core/Src/u8g2/u8x8_cad.o
                0x0000000008003a20                u8x8_cad_001
 *fill*         0x0000000008003a6e        0x2 
 .text.u8x8_d_uc1608_common
                0x0000000008003a70       0xcc ./Core/Src/u8g2/u8x8_d_uc1608.o
                0x0000000008003a70                u8x8_d_uc1608_common
 .text.u8x8_d_uc1608_240x128
                0x0000000008003b3c       0x3c ./Core/Src/u8g2/u8x8_d_uc1608.o
                0x0000000008003b3c                u8x8_d_uc1608_240x128
 .text.u8x8_d_helper_display_setup_memory
                0x0000000008003b78        0xa ./Core/Src/u8g2/u8x8_display.o
                0x0000000008003b78                u8x8_d_helper_display_setup_memory
 .text.u8x8_d_helper_display_init
                0x0000000008003b82       0x60 ./Core/Src/u8g2/u8x8_display.o
                0x0000000008003b82                u8x8_d_helper_display_init
 .text.u8x8_DrawTile
                0x0000000008003be2       0x20 ./Core/Src/u8g2/u8x8_display.o
                0x0000000008003be2                u8x8_DrawTile
 .text.u8x8_SetupMemory
                0x0000000008003c02       0x12 ./Core/Src/u8g2/u8x8_display.o
                0x0000000008003c02                u8x8_SetupMemory
 .text.u8x8_InitDisplay
                0x0000000008003c14       0x12 ./Core/Src/u8g2/u8x8_display.o
                0x0000000008003c14                u8x8_InitDisplay
 .text.u8x8_SetPowerSave
                0x0000000008003c26       0x12 ./Core/Src/u8g2/u8x8_display.o
                0x0000000008003c26                u8x8_SetPowerSave
 .text.u8x8_RefreshDisplay
                0x0000000008003c38       0x12 ./Core/Src/u8g2/u8x8_display.o
                0x0000000008003c38                u8x8_RefreshDisplay
 .text.u8x8_gpio_call
                0x0000000008003c4a        0xe ./Core/Src/u8g2/u8x8_gpio.o
                0x0000000008003c4a                u8x8_gpio_call
 .text.u8x8_dummy_cb
                0x0000000008003c58        0x4 ./Core/Src/u8g2/u8x8_setup.o
                0x0000000008003c58                u8x8_dummy_cb
 .text.u8x8_SetupDefaults
                0x0000000008003c5c       0x28 ./Core/Src/u8g2/u8x8_setup.o
                0x0000000008003c5c                u8x8_SetupDefaults
 .text.u8x8_Setup
                0x0000000008003c84       0x1c ./Core/Src/u8g2/u8x8_setup.o
                0x0000000008003c84                u8x8_Setup
 .text.Reset_Handler
                0x0000000008003ca0       0x50 ./Core/Startup/startup_stm32f407zgtx.o
                0x0000000008003ca0                Reset_Handler
 .text.Default_Handler
                0x0000000008003cf0        0x2 ./Core/Startup/startup_stm32f407zgtx.o
                0x0000000008003cf0                DMA2_Stream5_IRQHandler
                0x0000000008003cf0                OTG_HS_WKUP_IRQHandler
                0x0000000008003cf0                EXTI1_IRQHandler
                0x0000000008003cf0                USART6_IRQHandler
                0x0000000008003cf0                DMA2_Stream7_IRQHandler
                0x0000000008003cf0                UART4_IRQHandler
                0x0000000008003cf0                OTG_FS_WKUP_IRQHandler
                0x0000000008003cf0                TIM8_CC_IRQHandler
                0x0000000008003cf0                ETH_IRQHandler
                0x0000000008003cf0                SPI2_IRQHandler
                0x0000000008003cf0                EXTI9_5_IRQHandler
                0x0000000008003cf0                SPI1_IRQHandler
                0x0000000008003cf0                TIM5_IRQHandler
                0x0000000008003cf0                ADC_IRQHandler
                0x0000000008003cf0                DMA1_Stream6_IRQHandler
                0x0000000008003cf0                DMA1_Stream1_IRQHandler
                0x0000000008003cf0                WWDG_IRQHandler
                0x0000000008003cf0                DMA2_Stream0_IRQHandler
                0x0000000008003cf0                I2C3_EV_IRQHandler
                0x0000000008003cf0                DMA1_Stream2_IRQHandler
                0x0000000008003cf0                I2C1_ER_IRQHandler
                0x0000000008003cf0                DMA2_Stream3_IRQHandler
                0x0000000008003cf0                OTG_HS_EP1_OUT_IRQHandler
                0x0000000008003cf0                DMA2_Stream4_IRQHandler
                0x0000000008003cf0                I2C2_EV_IRQHandler
                0x0000000008003cf0                CAN1_RX0_IRQHandler
                0x0000000008003cf0                TIM3_IRQHandler
                0x0000000008003cf0                USART2_IRQHandler
                0x0000000008003cf0                DMA1_Stream0_IRQHandler
                0x0000000008003cf0                DMA1_Stream7_IRQHandler
                0x0000000008003cf0                TIM6_DAC_IRQHandler
                0x0000000008003cf0                DMA1_Stream4_IRQHandler
                0x0000000008003cf0                CAN2_TX_IRQHandler
                0x0000000008003cf0                CAN1_TX_IRQHandler
                0x0000000008003cf0                SDIO_IRQHandler
                0x0000000008003cf0                EXTI15_10_IRQHandler
                0x0000000008003cf0                TIM8_BRK_TIM12_IRQHandler
                0x0000000008003cf0                USART1_IRQHandler
                0x0000000008003cf0                RTC_WKUP_IRQHandler
                0x0000000008003cf0                TIM2_IRQHandler
                0x0000000008003cf0                FSMC_IRQHandler
                0x0000000008003cf0                CAN1_SCE_IRQHandler
                0x0000000008003cf0                TAMP_STAMP_IRQHandler
                0x0000000008003cf0                HASH_RNG_IRQHandler
                0x0000000008003cf0                DMA2_Stream6_IRQHandler
                0x0000000008003cf0                OTG_HS_EP1_IN_IRQHandler
                0x0000000008003cf0                Default_Handler
                0x0000000008003cf0                ETH_WKUP_IRQHandler
                0x0000000008003cf0                EXTI2_IRQHandler
                0x0000000008003cf0                OTG_FS_IRQHandler
                0x0000000008003cf0                UART5_IRQHandler
                0x0000000008003cf0                DMA1_Stream5_IRQHandler
                0x0000000008003cf0                TIM4_IRQHandler
                0x0000000008003cf0                USART3_IRQHandler
                0x0000000008003cf0                TIM1_TRG_COM_TIM11_IRQHandler
                0x0000000008003cf0                I2C3_ER_IRQHandler
                0x0000000008003cf0                EXTI3_IRQHandler
                0x0000000008003cf0                I2C2_ER_IRQHandler
                0x0000000008003cf0                CAN2_RX0_IRQHandler
                0x0000000008003cf0                DMA2_Stream2_IRQHandler
                0x0000000008003cf0                DMA2_Stream1_IRQHandler
                0x0000000008003cf0                DCMI_IRQHandler
                0x0000000008003cf0                CAN2_RX1_IRQHandler
                0x0000000008003cf0                I2C1_EV_IRQHandler
                0x0000000008003cf0                TIM1_CC_IRQHandler
                0x0000000008003cf0                SPI3_IRQHandler
                0x0000000008003cf0                OTG_HS_IRQHandler
                0x0000000008003cf0                DMA1_Stream3_IRQHandler
                0x0000000008003cf0                TIM7_IRQHandler
                0x0000000008003cf0                EXTI0_IRQHandler
                0x0000000008003cf0                RTC_Alarm_IRQHandler
                0x0000000008003cf0                EXTI4_IRQHandler
                0x0000000008003cf0                CAN1_RX1_IRQHandler
                0x0000000008003cf0                CAN2_SCE_IRQHandler
 *fill*         0x0000000008003cf2        0x2 
 .text.HAL_Init
                0x0000000008003cf4       0x34 ./Drivers/STM32F4xx_HAL_Driver/Src/stm32f4xx_hal.o
                0x0000000008003cf4                HAL_Init
 .text.HAL_IncTick
                0x0000000008003d28       0x18 ./Drivers/STM32F4xx_HAL_Driver/Src/stm32f4xx_hal.o
                0x0000000008003d28                HAL_IncTick
 .text.HAL_GetTick
                0x0000000008003d40        0xc ./Drivers/STM32F4xx_HAL_Driver/Src/stm32f4xx_hal.o
                0x0000000008003d40                HAL_GetTick
 .text.HAL_Delay
                0x0000000008003d4c       0x28 ./Drivers/STM32F4xx_HAL_Driver/Src/stm32f4xx_hal.o
                0x0000000008003d4c                HAL_Delay
 .text.HAL_NVIC_SetPriorityGrouping
                0x0000000008003d74       0x24 ./Drivers/STM32F4xx_HAL_Driver/Src/stm32f4xx_hal_cortex.o
                0x0000000008003d74                HAL_NVIC_SetPriorityGrouping
 .text.HAL_NVIC_SetPriority
                0x0000000008003d98       0x64 ./Drivers/STM32F4xx_HAL_Driver/Src/stm32f4xx_hal_cortex.o
                0x0000000008003d98                HAL_NVIC_SetPriority
 .text.HAL_NVIC_EnableIRQ
                0x0000000008003dfc       0x1c ./Drivers/STM32F4xx_HAL_Driver/Src/stm32f4xx_hal_cortex.o
                0x0000000008003dfc                HAL_NVIC_EnableIRQ
 .text.FLASH_SetErrorCode
                0x0000000008003e18       0x74 ./Drivers/STM32F4xx_HAL_Driver/Src/stm32f4xx_hal_flash.o
 .text.HAL_FLASH_EndOfOperationCallback
                0x0000000008003e8c        0x2 ./Drivers/STM32F4xx_HAL_Driver/Src/stm32f4xx_hal_flash.o
                0x0000000008003e8c                HAL_FLASH_EndOfOperationCallback
 .text.HAL_FLASH_OperationErrorCallback
                0x0000000008003e8e        0x2 ./Drivers/STM32F4xx_HAL_Driver/Src/stm32f4xx_hal_flash.o
                0x0000000008003e8e                HAL_FLASH_OperationErrorCallback
 .text.HAL_FLASH_IRQHandler
                0x0000000008003e90       0xc4 ./Drivers/STM32F4xx_HAL_Driver/Src/stm32f4xx_hal_flash.o
                0x0000000008003e90                HAL_FLASH_IRQHandler
 .text.FLASH_Erase_Sector
                0x0000000008003f54       0x3c ./Drivers/STM32F4xx_HAL_Driver/Src/stm32f4xx_hal_flash_ex.o
                0x0000000008003f54                FLASH_Erase_Sector
 .text.FLASH_FlushCaches
                0x0000000008003f90       0x58 ./Drivers/STM32F4xx_HAL_Driver/Src/stm32f4xx_hal_flash_ex.o
                0x0000000008003f90                FLASH_FlushCaches
 .text.HAL_GPIO_Init
                0x0000000008003fe8      0x1b4 ./Drivers/STM32F4xx_HAL_Driver/Src/stm32f4xx_hal_gpio.o
                0x0000000008003fe8                HAL_GPIO_Init
 .text.HAL_GPIO_ReadPin
                0x000000000800419c        0xc ./Drivers/STM32F4xx_HAL_Driver/Src/stm32f4xx_hal_gpio.o
                0x000000000800419c                HAL_GPIO_ReadPin
 .text.HAL_GPIO_WritePin
                0x00000000080041a8        0xa ./Drivers/STM32F4xx_HAL_Driver/Src/stm32f4xx_hal_gpio.o
                0x00000000080041a8                HAL_GPIO_WritePin
 .text.HAL_PWR_PVDCallback
                0x00000000080041b2        0x2 ./Drivers/STM32F4xx_HAL_Driver/Src/stm32f4xx_hal_pwr.o
                0x00000000080041b2                HAL_PWR_PVDCallback
 .text.HAL_PWR_PVD_IRQHandler
                0x00000000080041b4       0x1c ./Drivers/STM32F4xx_HAL_Driver/Src/stm32f4xx_hal_pwr.o
                0x00000000080041b4                HAL_PWR_PVD_IRQHandler
 .text.HAL_RCC_OscConfig
                0x00000000080041d0      0x358 ./Drivers/STM32F4xx_HAL_Driver/Src/stm32f4xx_hal_rcc.o
                0x00000000080041d0                HAL_RCC_OscConfig
 .text.HAL_RCC_GetSysClockFreq
                0x0000000008004528       0x5c ./Drivers/STM32F4xx_HAL_Driver/Src/stm32f4xx_hal_rcc.o
                0x0000000008004528                HAL_RCC_GetSysClockFreq
 .text.HAL_RCC_ClockConfig
                0x0000000008004584      0x134 ./Drivers/STM32F4xx_HAL_Driver/Src/stm32f4xx_hal_rcc.o
                0x0000000008004584                HAL_RCC_ClockConfig
 .text.HAL_RCC_GetPCLK2Freq
                0x00000000080046b8       0x20 ./Drivers/STM32F4xx_HAL_Driver/Src/stm32f4xx_hal_rcc.o
                0x00000000080046b8                HAL_RCC_GetPCLK2Freq
 .text.HAL_RCC_GetClockConfig
                0x00000000080046d8       0x3c ./Drivers/STM32F4xx_HAL_Driver/Src/stm32f4xx_hal_rcc.o
                0x00000000080046d8                HAL_RCC_GetClockConfig
 .text.TIM_OC1_SetConfig
                0x0000000008004714       0x64 ./Drivers/STM32F4xx_HAL_Driver/Src/stm32f4xx_hal_tim.o
 .text.TIM_OC3_SetConfig
                0x0000000008004778       0x6c ./Drivers/STM32F4xx_HAL_Driver/Src/stm32f4xx_hal_tim.o
 .text.TIM_OC4_SetConfig
                0x00000000080047e4       0x4c ./Drivers/STM32F4xx_HAL_Driver/Src/stm32f4xx_hal_tim.o
 .text.HAL_TIM_Base_Start_IT
                0x0000000008004830       0x74 ./Drivers/STM32F4xx_HAL_Driver/Src/stm32f4xx_hal_tim.o
                0x0000000008004830                HAL_TIM_Base_Start_IT
 .text.HAL_TIM_PWM_MspInit
                0x00000000080048a4        0x2 ./Drivers/STM32F4xx_HAL_Driver/Src/stm32f4xx_hal_tim.o
                0x00000000080048a4                HAL_TIM_PWM_MspInit
 .text.HAL_TIM_IC_MspInit
                0x00000000080048a6        0x2 ./Drivers/STM32F4xx_HAL_Driver/Src/stm32f4xx_hal_tim.o
                0x00000000080048a6                HAL_TIM_IC_MspInit
 .text.HAL_TIM_OC_DelayElapsedCallback
                0x00000000080048a8        0x2 ./Drivers/STM32F4xx_HAL_Driver/Src/stm32f4xx_hal_tim.o
                0x00000000080048a8                HAL_TIM_OC_DelayElapsedCallback
 .text.HAL_TIM_TriggerCallback
                0x00000000080048aa        0x2 ./Drivers/STM32F4xx_HAL_Driver/Src/stm32f4xx_hal_tim.o
                0x00000000080048aa                HAL_TIM_TriggerCallback
 .text.HAL_TIM_IRQHandler
                0x00000000080048ac      0x144 ./Drivers/STM32F4xx_HAL_Driver/Src/stm32f4xx_hal_tim.o
                0x00000000080048ac                HAL_TIM_IRQHandler
 .text.TIM_Base_SetConfig
                0x00000000080049f0       0xcc ./Drivers/STM32F4xx_HAL_Driver/Src/stm32f4xx_hal_tim.o
                0x00000000080049f0                TIM_Base_SetConfig
 .text.HAL_TIM_Base_Init
                0x0000000008004abc       0x58 ./Drivers/STM32F4xx_HAL_Driver/Src/stm32f4xx_hal_tim.o
                0x0000000008004abc                HAL_TIM_Base_Init
 .text.HAL_TIM_PWM_Init
                0x0000000008004b14       0x58 ./Drivers/STM32F4xx_HAL_Driver/Src/stm32f4xx_hal_tim.o
                0x0000000008004b14                HAL_TIM_PWM_Init
 .text.HAL_TIM_IC_Init
                0x0000000008004b6c       0x58 ./Drivers/STM32F4xx_HAL_Driver/Src/stm32f4xx_hal_tim.o
                0x0000000008004b6c                HAL_TIM_IC_Init
 .text.TIM_OC2_SetConfig
                0x0000000008004bc4       0x6c ./Drivers/STM32F4xx_HAL_Driver/Src/stm32f4xx_hal_tim.o
                0x0000000008004bc4                TIM_OC2_SetConfig
 .text.HAL_TIM_PWM_ConfigChannel
                0x0000000008004c30       0xb2 ./Drivers/STM32F4xx_HAL_Driver/Src/stm32f4xx_hal_tim.o
                0x0000000008004c30                HAL_TIM_PWM_ConfigChannel
 *fill*         0x0000000008004ce2        0x2 
 .text.TIM_TI1_SetConfig
                0x0000000008004ce4       0x74 ./Drivers/STM32F4xx_HAL_Driver/Src/stm32f4xx_hal_tim.o
                0x0000000008004ce4                TIM_TI1_SetConfig
 .text.HAL_TIM_IC_ConfigChannel
                0x0000000008004d58      0x12a ./Drivers/STM32F4xx_HAL_Driver/Src/stm32f4xx_hal_tim.o
                0x0000000008004d58                HAL_TIM_IC_ConfigChannel
 .text.TIM_ETR_SetConfig
                0x0000000008004e82       0x14 ./Drivers/STM32F4xx_HAL_Driver/Src/stm32f4xx_hal_tim.o
                0x0000000008004e82                TIM_ETR_SetConfig
 .text.HAL_TIM_ConfigClockSource
                0x0000000008004e96      0x132 ./Drivers/STM32F4xx_HAL_Driver/Src/stm32f4xx_hal_tim.o
                0x0000000008004e96                HAL_TIM_ConfigClockSource
 .text.TIM_CCxChannelCmd
                0x0000000008004fc8       0x1c ./Drivers/STM32F4xx_HAL_Driver/Src/stm32f4xx_hal_tim.o
                0x0000000008004fc8                TIM_CCxChannelCmd
 .text.HAL_TIM_OC_Start
                0x0000000008004fe4       0xcc ./Drivers/STM32F4xx_HAL_Driver/Src/stm32f4xx_hal_tim.o
                0x0000000008004fe4                HAL_TIM_OC_Start
 .text.HAL_TIM_PWM_Start
                0x00000000080050b0        0x4 ./Drivers/STM32F4xx_HAL_Driver/Src/stm32f4xx_hal_tim.o
                0x00000000080050b0                HAL_TIM_PWM_Start
 .text.HAL_TIM_OC_Stop
                0x00000000080050b4       0x7c ./Drivers/STM32F4xx_HAL_Driver/Src/stm32f4xx_hal_tim.o
                0x00000000080050b4                HAL_TIM_OC_Stop
 .text.HAL_TIM_PWM_Stop
                0x0000000008005130        0x4 ./Drivers/STM32F4xx_HAL_Driver/Src/stm32f4xx_hal_tim.o
                0x0000000008005130                HAL_TIM_PWM_Stop
 .text.HAL_TIM_OC_Start_IT
                0x0000000008005134       0xf4 ./Drivers/STM32F4xx_HAL_Driver/Src/stm32f4xx_hal_tim.o
                0x0000000008005134                HAL_TIM_OC_Start_IT
 .text.HAL_TIM_PWM_Start_IT
                0x0000000008005228        0x4 ./Drivers/STM32F4xx_HAL_Driver/Src/stm32f4xx_hal_tim.o
                0x0000000008005228                HAL_TIM_PWM_Start_IT
 .text.HAL_TIM_IC_Start_IT
                0x000000000800522c      0x104 ./Drivers/STM32F4xx_HAL_Driver/Src/stm32f4xx_hal_tim.o
                0x000000000800522c                HAL_TIM_IC_Start_IT
 .text.HAL_TIMEx_CommutCallback
                0x0000000008005330        0x2 ./Drivers/STM32F4xx_HAL_Driver/Src/stm32f4xx_hal_tim_ex.o
                0x0000000008005330                HAL_TIMEx_CommutCallback
 .text.HAL_TIMEx_BreakCallback
                0x0000000008005332        0x2 ./Drivers/STM32F4xx_HAL_Driver/Src/stm32f4xx_hal_tim_ex.o
                0x0000000008005332                HAL_TIMEx_BreakCallback
 .text.SysTick_Handler
                0x0000000008005334       0x1a ./Middlewares/Third_Party/FreeRTOS/Source/CMSIS_RTOS_V2/cmsis_os2.o
                0x0000000008005334                SysTick_Handler
 *fill*         0x000000000800534e        0x2 
 .text.osKernelInitialize
                0x0000000008005350       0x24 ./Middlewares/Third_Party/FreeRTOS/Source/CMSIS_RTOS_V2/cmsis_os2.o
                0x0000000008005350                osKernelInitialize
 .text.osKernelStart
                0x0000000008005374       0x34 ./Middlewares/Third_Party/FreeRTOS/Source/CMSIS_RTOS_V2/cmsis_os2.o
                0x0000000008005374                osKernelStart
 .text.osThreadNew
                0x00000000080053a8       0x8e ./Middlewares/Third_Party/FreeRTOS/Source/CMSIS_RTOS_V2/cmsis_os2.o
                0x00000000080053a8                osThreadNew
 .text.osDelay  0x0000000008005436       0x18 ./Middlewares/Third_Party/FreeRTOS/Source/CMSIS_RTOS_V2/cmsis_os2.o
                0x0000000008005436                osDelay
 *fill*         0x000000000800544e        0x2 
 .text.vApplicationGetIdleTaskMemory
                0x0000000008005450       0x18 ./Middlewares/Third_Party/FreeRTOS/Source/CMSIS_RTOS_V2/cmsis_os2.o
                0x0000000008005450                vApplicationGetIdleTaskMemory
 .text.vApplicationGetTimerTaskMemory
                0x0000000008005468       0x18 ./Middlewares/Third_Party/FreeRTOS/Source/CMSIS_RTOS_V2/cmsis_os2.o
                0x0000000008005468                vApplicationGetTimerTaskMemory
 .text.vListInitialise
                0x0000000008005480       0x16 ./Middlewares/Third_Party/FreeRTOS/Source/list.o
                0x0000000008005480                vListInitialise
 .text.vListInitialiseItem
                0x0000000008005496        0x6 ./Middlewares/Third_Party/FreeRTOS/Source/list.o
                0x0000000008005496                vListInitialiseItem
 .text.vListInsertEnd
                0x000000000800549c       0x18 ./Middlewares/Third_Party/FreeRTOS/Source/list.o
                0x000000000800549c                vListInsertEnd
 .text.vListInsert
                0x00000000080054b4       0x2e ./Middlewares/Third_Party/FreeRTOS/Source/list.o
                0x00000000080054b4                vListInsert
 .text.uxListRemove
                0x00000000080054e2       0x20 ./Middlewares/Third_Party/FreeRTOS/Source/list.o
                0x00000000080054e2                uxListRemove
 .text.prvIsQueueEmpty
                0x0000000008005502       0x16 ./Middlewares/Third_Party/FreeRTOS/Source/queue.o
 .text.prvCopyDataToQueue
                0x0000000008005518       0x6a ./Middlewares/Third_Party/FreeRTOS/Source/queue.o
 .text.prvCopyDataFromQueue
                0x0000000008005582       0x2c ./Middlewares/Third_Party/FreeRTOS/Source/queue.o
 .text.prvUnlockQueue
                0x00000000080055ae       0x70 ./Middlewares/Third_Party/FreeRTOS/Source/queue.o
 .text.xQueueGenericReset
                0x000000000800561e       0x7e ./Middlewares/Third_Party/FreeRTOS/Source/queue.o
                0x000000000800561e                xQueueGenericReset
 .text.xQueueGenericCreateStatic
                0x000000000800569c       0x9c ./Middlewares/Third_Party/FreeRTOS/Source/queue.o
                0x000000000800569c                xQueueGenericCreateStatic
 .text.xQueueGenericSend
                0x0000000008005738      0x166 ./Middlewares/Third_Party/FreeRTOS/Source/queue.o
                0x0000000008005738                xQueueGenericSend
 .text.xQueueGenericSendFromISR
                0x000000000800589e       0xc4 ./Middlewares/Third_Party/FreeRTOS/Source/queue.o
                0x000000000800589e                xQueueGenericSendFromISR
 .text.xQueueReceive
                0x0000000008005962      0x13e ./Middlewares/Third_Party/FreeRTOS/Source/queue.o
                0x0000000008005962                xQueueReceive
 .text.vQueueAddToRegistry
                0x0000000008005aa0       0x24 ./Middlewares/Third_Party/FreeRTOS/Source/queue.o
                0x0000000008005aa0                vQueueAddToRegistry
 .text.vQueueWaitForMessageRestricted
                0x0000000008005ac4       0x46 ./Middlewares/Third_Party/FreeRTOS/Source/queue.o
                0x0000000008005ac4                vQueueWaitForMessageRestricted
 *fill*         0x0000000008005b0a        0x2 
 .text.prvAddNewTaskToReadyList
                0x0000000008005b0c      0x100 ./Middlewares/Third_Party/FreeRTOS/Source/tasks.o
 .text.prvAddCurrentTaskToDelayedList
                0x0000000008005c0c       0x70 ./Middlewares/Third_Party/FreeRTOS/Source/tasks.o
 .text.prvResetNextTaskUnblockTime
                0x0000000008005c7c       0x24 ./Middlewares/Third_Party/FreeRTOS/Source/tasks.o
 .text.prvDeleteTCB
                0x0000000008005ca0       0x3c ./Middlewares/Third_Party/FreeRTOS/Source/tasks.o
 .text.prvIdleTask
                0x0000000008005cdc       0x60 ./Middlewares/Third_Party/FreeRTOS/Source/tasks.o
 .text.prvInitialiseNewTask.constprop.0
                0x0000000008005d3c       0xbc ./Middlewares/Third_Party/FreeRTOS/Source/tasks.o
 .text.xTaskCreateStatic
                0x0000000008005df8       0x70 ./Middlewares/Third_Party/FreeRTOS/Source/tasks.o
                0x0000000008005df8                xTaskCreateStatic
 .text.xTaskCreate
                0x0000000008005e68       0x5a ./Middlewares/Third_Party/FreeRTOS/Source/tasks.o
                0x0000000008005e68                xTaskCreate
 *fill*         0x0000000008005ec2        0x2 
 .text.vTaskStartScheduler
                0x0000000008005ec4       0xa0 ./Middlewares/Third_Party/FreeRTOS/Source/tasks.o
                0x0000000008005ec4                vTaskStartScheduler
 .text.vTaskSuspendAll
                0x0000000008005f64       0x10 ./Middlewares/Third_Party/FreeRTOS/Source/tasks.o
                0x0000000008005f64                vTaskSuspendAll
 .text.xTaskGetTickCount
                0x0000000008005f74        0xc ./Middlewares/Third_Party/FreeRTOS/Source/tasks.o
                0x0000000008005f74                xTaskGetTickCount
 .text.xTaskIncrementTick
                0x0000000008005f80      0x12c ./Middlewares/Third_Party/FreeRTOS/Source/tasks.o
                0x0000000008005f80                xTaskIncrementTick
 .text.xTaskResumeAll
                0x00000000080060ac       0xe8 ./Middlewares/Third_Party/FreeRTOS/Source/tasks.o
                0x00000000080060ac                xTaskResumeAll
 .text.vTaskDelay
                0x0000000008006194       0x48 ./Middlewares/Third_Party/FreeRTOS/Source/tasks.o
                0x0000000008006194                vTaskDelay
 .text.vTaskSwitchContext
                0x00000000080061dc       0x80 ./Middlewares/Third_Party/FreeRTOS/Source/tasks.o
                0x00000000080061dc                vTaskSwitchContext
 .text.vTaskPlaceOnEventList
                0x000000000800625c       0x34 ./Middlewares/Third_Party/FreeRTOS/Source/tasks.o
                0x000000000800625c                vTaskPlaceOnEventList
 .text.vTaskPlaceOnEventListRestricted
                0x0000000008006290       0x3c ./Middlewares/Third_Party/FreeRTOS/Source/tasks.o
                0x0000000008006290                vTaskPlaceOnEventListRestricted
 .text.xTaskRemoveFromEventList
                0x00000000080062cc       0x88 ./Middlewares/Third_Party/FreeRTOS/Source/tasks.o
                0x00000000080062cc                xTaskRemoveFromEventList
 .text.vTaskInternalSetTimeOutState
                0x0000000008006354       0x18 ./Middlewares/Third_Party/FreeRTOS/Source/tasks.o
                0x0000000008006354                vTaskInternalSetTimeOutState
 .text.xTaskCheckForTimeOut
                0x000000000800636c       0x78 ./Middlewares/Third_Party/FreeRTOS/Source/tasks.o
                0x000000000800636c                xTaskCheckForTimeOut
 .text.vTaskMissedYield
                0x00000000080063e4        0xc ./Middlewares/Third_Party/FreeRTOS/Source/tasks.o
                0x00000000080063e4                vTaskMissedYield
 .text.xTaskGetSchedulerState
                0x00000000080063f0       0x20 ./Middlewares/Third_Party/FreeRTOS/Source/tasks.o
                0x00000000080063f0                xTaskGetSchedulerState
 .text.xTaskPriorityDisinherit
                0x0000000008006410       0x88 ./Middlewares/Third_Party/FreeRTOS/Source/tasks.o
                0x0000000008006410                xTaskPriorityDisinherit
 .text.prvCheckForValidListAndQueue
                0x0000000008006498       0x68 ./Middlewares/Third_Party/FreeRTOS/Source/timers.o
 .text.prvInsertTimerInActiveList
                0x0000000008006500       0x3c ./Middlewares/Third_Party/FreeRTOS/Source/timers.o
 .text.xTimerCreateTimerTask
                0x000000000800653c       0x64 ./Middlewares/Third_Party/FreeRTOS/Source/timers.o
                0x000000000800653c                xTimerCreateTimerTask
 .text.xTimerGenericCommand
                0x00000000080065a0       0x58 ./Middlewares/Third_Party/FreeRTOS/Source/timers.o
                0x00000000080065a0                xTimerGenericCommand
 .text.prvSampleTimeNow
                0x00000000080065f8       0xac ./Middlewares/Third_Party/FreeRTOS/Source/timers.o
 .text.prvTimerTask
                0x00000000080066a4      0x1cc ./Middlewares/Third_Party/FreeRTOS/Source/timers.o
 .text.prvPortStartFirstTask
                0x0000000008006870       0x28 ./Middlewares/Third_Party/FreeRTOS/Source/portable/GCC/ARM_CM4F/port.o
 .text.vPortEnableVFP
                0x0000000008006898       0x14 ./Middlewares/Third_Party/FreeRTOS/Source/portable/GCC/ARM_CM4F/port.o
 .text.prvTaskExitError
                0x00000000080068ac       0x40 ./Middlewares/Third_Party/FreeRTOS/Source/portable/GCC/ARM_CM4F/port.o
 .text.pxPortInitialiseStack
                0x00000000080068ec       0x2c ./Middlewares/Third_Party/FreeRTOS/Source/portable/GCC/ARM_CM4F/port.o
                0x00000000080068ec                pxPortInitialiseStack
 *fill*         0x0000000008006918        0x8 
 .text.SVC_Handler
                0x0000000008006920       0x24 ./Middlewares/Third_Party/FreeRTOS/Source/portable/GCC/ARM_CM4F/port.o
                0x0000000008006920                SVC_Handler
 .text.vPortEnterCritical
                0x0000000008006944       0x40 ./Middlewares/Third_Party/FreeRTOS/Source/portable/GCC/ARM_CM4F/port.o
                0x0000000008006944                vPortEnterCritical
 .text.vPortExitCritical
                0x0000000008006984       0x28 ./Middlewares/Third_Party/FreeRTOS/Source/portable/GCC/ARM_CM4F/port.o
                0x0000000008006984                vPortExitCritical
 *fill*         0x00000000080069ac        0x4 
 .text.PendSV_Handler
                0x00000000080069b0       0x64 ./Middlewares/Third_Party/FreeRTOS/Source/portable/GCC/ARM_CM4F/port.o
                0x00000000080069b0                PendSV_Handler
 .text.xPortSysTickHandler
                0x0000000008006a14       0x2c ./Middlewares/Third_Party/FreeRTOS/Source/portable/GCC/ARM_CM4F/port.o
                0x0000000008006a14                xPortSysTickHandler
 .text.vPortSetupTimerInterrupt
                0x0000000008006a40       0x24 ./Middlewares/Third_Party/FreeRTOS/Source/portable/GCC/ARM_CM4F/port.o
                0x0000000008006a40                vPortSetupTimerInterrupt
 .text.xPortStartScheduler
                0x0000000008006a64      0x10c ./Middlewares/Third_Party/FreeRTOS/Source/portable/GCC/ARM_CM4F/port.o
                0x0000000008006a64                xPortStartScheduler
 .text.vPortValidateInterruptPriority
                0x0000000008006b70       0x5c ./Middlewares/Third_Party/FreeRTOS/Source/portable/GCC/ARM_CM4F/port.o
                0x0000000008006b70                vPortValidateInterruptPriority
 .text.prvInsertBlockIntoFreeList
                0x0000000008006bcc       0x4c ./Middlewares/Third_Party/FreeRTOS/Source/portable/MemMang/heap_4.o
 .text.pvPortMalloc
                0x0000000008006c18      0x130 ./Middlewares/Third_Party/FreeRTOS/Source/portable/MemMang/heap_4.o
                0x0000000008006c18                pvPortMalloc
 .text.vPortFree
                0x0000000008006d48       0x7c ./Middlewares/Third_Party/FreeRTOS/Source/portable/MemMang/heap_4.o
                0x0000000008006d48                vPortFree
 .text.pow      0x0000000008006dc4       0xe0 C:/ST/STM32CubeIDE_1.13.2/STM32CubeIDE/plugins/com.st.stm32cube.ide.mcu.externaltools.gnu-tools-for-stm32.11.3.rel1.win32_1.1.1.202309131626/tools/bin/../lib/gcc/arm-none-eabi/11.3.1/../../../../arm-none-eabi/lib/thumb/v7e-m+fp/hard\libm.a(libm_a-w_pow.o)
                0x0000000008006dc4                pow
 .text.finite   0x0000000008006ea4       0x16 C:/ST/STM32CubeIDE_1.13.2/STM32CubeIDE/plugins/com.st.stm32cube.ide.mcu.externaltools.gnu-tools-for-stm32.11.3.rel1.win32_1.1.1.202309131626/tools/bin/../lib/gcc/arm-none-eabi/11.3.1/../../../../arm-none-eabi/lib/thumb/v7e-m+fp/hard\libm.a(libm_a-s_finite.o)
                0x0000000008006ea4                finite
 *fill*         0x0000000008006eba        0x2 
 .text.round    0x0000000008006ebc       0x90 C:/ST/STM32CubeIDE_1.13.2/STM32CubeIDE/plugins/com.st.stm32cube.ide.mcu.externaltools.gnu-tools-for-stm32.11.3.rel1.win32_1.1.1.202309131626/tools/bin/../lib/gcc/arm-none-eabi/11.3.1/../../../../arm-none-eabi/lib/thumb/v7e-m+fp/hard\libm.a(libm_a-s_round.o)
                0x0000000008006ebc                round
 *fill*         0x0000000008006f4c        0x4 
 .text.__ieee754_pow
                0x0000000008006f50      0xa54 C:/ST/STM32CubeIDE_1.13.2/STM32CubeIDE/plugins/com.st.stm32cube.ide.mcu.externaltools.gnu-tools-for-stm32.11.3.rel1.win32_1.1.1.202309131626/tools/bin/../lib/gcc/arm-none-eabi/11.3.1/../../../../arm-none-eabi/lib/thumb/v7e-m+fp/hard\libm.a(libm_a-e_pow.o)
                0x0000000008006f50                __ieee754_pow
 .text.fabs     0x00000000080079a4       0x12 C:/ST/STM32CubeIDE_1.13.2/STM32CubeIDE/plugins/com.st.stm32cube.ide.mcu.externaltools.gnu-tools-for-stm32.11.3.rel1.win32_1.1.1.202309131626/tools/bin/../lib/gcc/arm-none-eabi/11.3.1/../../../../arm-none-eabi/lib/thumb/v7e-m+fp/hard\libm.a(libm_a-s_fabs.o)
                0x00000000080079a4                fabs
 *fill*         0x00000000080079b6        0x2 
 .text.scalbn   0x00000000080079b8       0xfc C:/ST/STM32CubeIDE_1.13.2/STM32CubeIDE/plugins/com.st.stm32cube.ide.mcu.externaltools.gnu-tools-for-stm32.11.3.rel1.win32_1.1.1.202309131626/tools/bin/../lib/gcc/arm-none-eabi/11.3.1/../../../../arm-none-eabi/lib/thumb/v7e-m+fp/hard\libm.a(libm_a-s_scalbn.o)
                0x00000000080079b8                scalbn
 .text.with_errno
                0x0000000008007ab4       0x14 C:/ST/STM32CubeIDE_1.13.2/STM32CubeIDE/plugins/com.st.stm32cube.ide.mcu.externaltools.gnu-tools-for-stm32.11.3.rel1.win32_1.1.1.202309131626/tools/bin/../lib/gcc/arm-none-eabi/11.3.1/../../../../arm-none-eabi/lib/thumb/v7e-m+fp/hard\libm.a(libm_a-math_err.o)
 .text.xflow    0x0000000008007ac8       0x28 C:/ST/STM32CubeIDE_1.13.2/STM32CubeIDE/plugins/com.st.stm32cube.ide.mcu.externaltools.gnu-tools-for-stm32.11.3.rel1.win32_1.1.1.202309131626/tools/bin/../lib/gcc/arm-none-eabi/11.3.1/../../../../arm-none-eabi/lib/thumb/v7e-m+fp/hard\libm.a(libm_a-math_err.o)
 .text.__math_uflow
                0x0000000008007af0       0x12 C:/ST/STM32CubeIDE_1.13.2/STM32CubeIDE/plugins/com.st.stm32cube.ide.mcu.externaltools.gnu-tools-for-stm32.11.3.rel1.win32_1.1.1.202309131626/tools/bin/../lib/gcc/arm-none-eabi/11.3.1/../../../../arm-none-eabi/lib/thumb/v7e-m+fp/hard\libm.a(libm_a-math_err.o)
                0x0000000008007af0                __math_uflow
 .text.__math_oflow
                0x0000000008007b02       0x12 C:/ST/STM32CubeIDE_1.13.2/STM32CubeIDE/plugins/com.st.stm32cube.ide.mcu.externaltools.gnu-tools-for-stm32.11.3.rel1.win32_1.1.1.202309131626/tools/bin/../lib/gcc/arm-none-eabi/11.3.1/../../../../arm-none-eabi/lib/thumb/v7e-m+fp/hard\libm.a(libm_a-math_err.o)
                0x0000000008007b02                __math_oflow
 .text.__ieee754_sqrt
                0x0000000008007b14      0x1b4 C:/ST/STM32CubeIDE_1.13.2/STM32CubeIDE/plugins/com.st.stm32cube.ide.mcu.externaltools.gnu-tools-for-stm32.11.3.rel1.win32_1.1.1.202309131626/tools/bin/../lib/gcc/arm-none-eabi/11.3.1/../../../../arm-none-eabi/lib/thumb/v7e-m+fp/hard\libm.a(libm_a-e_sqrt.o)
                0x0000000008007b14                __ieee754_sqrt
 .text.__itoa   0x0000000008007cc8       0x30 C:/ST/STM32CubeIDE_1.13.2/STM32CubeIDE/plugins/com.st.stm32cube.ide.mcu.externaltools.gnu-tools-for-stm32.11.3.rel1.win32_1.1.1.202309131626/tools/bin/../lib/gcc/arm-none-eabi/11.3.1/../../../../arm-none-eabi/lib/thumb/v7e-m+fp/hard\libc_nano.a(libc_a-itoa.o)
                0x0000000008007cc8                __itoa
 .text.itoa     0x0000000008007cf8        0x4 C:/ST/STM32CubeIDE_1.13.2/STM32CubeIDE/plugins/com.st.stm32cube.ide.mcu.externaltools.gnu-tools-for-stm32.11.3.rel1.win32_1.1.1.202309131626/tools/bin/../lib/gcc/arm-none-eabi/11.3.1/../../../../arm-none-eabi/lib/thumb/v7e-m+fp/hard\libc_nano.a(libc_a-itoa.o)
                0x0000000008007cf8                itoa
 .text.__utoa   0x0000000008007cfc       0x84 C:/ST/STM32CubeIDE_1.13.2/STM32CubeIDE/plugins/com.st.stm32cube.ide.mcu.externaltools.gnu-tools-for-stm32.11.3.rel1.win32_1.1.1.202309131626/tools/bin/../lib/gcc/arm-none-eabi/11.3.1/../../../../arm-none-eabi/lib/thumb/v7e-m+fp/hard\libc_nano.a(libc_a-utoa.o)
                0x0000000008007cfc                __utoa
 .text.__cvt    0x0000000008007d80       0xc4 C:/ST/STM32CubeIDE_1.13.2/STM32CubeIDE/plugins/com.st.stm32cube.ide.mcu.externaltools.gnu-tools-for-stm32.11.3.rel1.win32_1.1.1.202309131626/tools/bin/../lib/gcc/arm-none-eabi/11.3.1/../../../../arm-none-eabi/lib/thumb/v7e-m+fp/hard\libc_nano.a(libc_a-nano-vfprintf_float.o)
                0x0000000008007d80                __cvt
 .text.__exponent
                0x0000000008007e44       0x7c C:/ST/STM32CubeIDE_1.13.2/STM32CubeIDE/plugins/com.st.stm32cube.ide.mcu.externaltools.gnu-tools-for-stm32.11.3.rel1.win32_1.1.1.202309131626/tools/bin/../lib/gcc/arm-none-eabi/11.3.1/../../../../arm-none-eabi/lib/thumb/v7e-m+fp/hard\libc_nano.a(libc_a-nano-vfprintf_float.o)
                0x0000000008007e44                __exponent
 .text._printf_float
                0x0000000008007ec0      0x46c C:/ST/STM32CubeIDE_1.13.2/STM32CubeIDE/plugins/com.st.stm32cube.ide.mcu.externaltools.gnu-tools-for-stm32.11.3.rel1.win32_1.1.1.202309131626/tools/bin/../lib/gcc/arm-none-eabi/11.3.1/../../../../arm-none-eabi/lib/thumb/v7e-m+fp/hard\libc_nano.a(libc_a-nano-vfprintf_float.o)
                0x0000000008007ec0                _printf_float
 .text._printf_common
                0x000000000800832c       0xda C:/ST/STM32CubeIDE_1.13.2/STM32CubeIDE/plugins/com.st.stm32cube.ide.mcu.externaltools.gnu-tools-for-stm32.11.3.rel1.win32_1.1.1.202309131626/tools/bin/../lib/gcc/arm-none-eabi/11.3.1/../../../../arm-none-eabi/lib/thumb/v7e-m+fp/hard\libc_nano.a(libc_a-nano-vfprintf_i.o)
                0x000000000800832c                _printf_common
 *fill*         0x0000000008008406        0x2 
 .text._printf_i
                0x0000000008008408      0x244 C:/ST/STM32CubeIDE_1.13.2/STM32CubeIDE/plugins/com.st.stm32cube.ide.mcu.externaltools.gnu-tools-for-stm32.11.3.rel1.win32_1.1.1.202309131626/tools/bin/../lib/gcc/arm-none-eabi/11.3.1/../../../../arm-none-eabi/lib/thumb/v7e-m+fp/hard\libc_nano.a(libc_a-nano-vfprintf_i.o)
                0x0000000008008408                _printf_i
 .text._scanf_float
                0x000000000800864c      0x420 C:/ST/STM32CubeIDE_1.13.2/STM32CubeIDE/plugins/com.st.stm32cube.ide.mcu.externaltools.gnu-tools-for-stm32.11.3.rel1.win32_1.1.1.202309131626/tools/bin/../lib/gcc/arm-none-eabi/11.3.1/../../../../arm-none-eabi/lib/thumb/v7e-m+fp/hard\libc_nano.a(libc_a-nano-vfscanf_float.o)
                0x000000000800864c                _scanf_float
 .text.std      0x0000000008008a6c       0x6c C:/ST/STM32CubeIDE_1.13.2/STM32CubeIDE/plugins/com.st.stm32cube.ide.mcu.externaltools.gnu-tools-for-stm32.11.3.rel1.win32_1.1.1.202309131626/tools/bin/../lib/gcc/arm-none-eabi/11.3.1/../../../../arm-none-eabi/lib/thumb/v7e-m+fp/hard\libc_nano.a(libc_a-findfp.o)
 .text.stdio_exit_handler
                0x0000000008008ad8       0x18 C:/ST/STM32CubeIDE_1.13.2/STM32CubeIDE/plugins/com.st.stm32cube.ide.mcu.externaltools.gnu-tools-for-stm32.11.3.rel1.win32_1.1.1.202309131626/tools/bin/../lib/gcc/arm-none-eabi/11.3.1/../../../../arm-none-eabi/lib/thumb/v7e-m+fp/hard\libc_nano.a(libc_a-findfp.o)
 .text.cleanup_stdio
                0x0000000008008af0       0x40 C:/ST/STM32CubeIDE_1.13.2/STM32CubeIDE/plugins/com.st.stm32cube.ide.mcu.externaltools.gnu-tools-for-stm32.11.3.rel1.win32_1.1.1.202309131626/tools/bin/../lib/gcc/arm-none-eabi/11.3.1/../../../../arm-none-eabi/lib/thumb/v7e-m+fp/hard\libc_nano.a(libc_a-findfp.o)
 .text.global_stdio_init.part.0
                0x0000000008008b30       0x3c C:/ST/STM32CubeIDE_1.13.2/STM32CubeIDE/plugins/com.st.stm32cube.ide.mcu.externaltools.gnu-tools-for-stm32.11.3.rel1.win32_1.1.1.202309131626/tools/bin/../lib/gcc/arm-none-eabi/11.3.1/../../../../arm-none-eabi/lib/thumb/v7e-m+fp/hard\libc_nano.a(libc_a-findfp.o)
 .text.__sfp_lock_acquire
                0x0000000008008b6c        0xc C:/ST/STM32CubeIDE_1.13.2/STM32CubeIDE/plugins/com.st.stm32cube.ide.mcu.externaltools.gnu-tools-for-stm32.11.3.rel1.win32_1.1.1.202309131626/tools/bin/../lib/gcc/arm-none-eabi/11.3.1/../../../../arm-none-eabi/lib/thumb/v7e-m+fp/hard\libc_nano.a(libc_a-findfp.o)
                0x0000000008008b6c                __sfp_lock_acquire
 .text.__sfp_lock_release
                0x0000000008008b78        0xc C:/ST/STM32CubeIDE_1.13.2/STM32CubeIDE/plugins/com.st.stm32cube.ide.mcu.externaltools.gnu-tools-for-stm32.11.3.rel1.win32_1.1.1.202309131626/tools/bin/../lib/gcc/arm-none-eabi/11.3.1/../../../../arm-none-eabi/lib/thumb/v7e-m+fp/hard\libc_nano.a(libc_a-findfp.o)
                0x0000000008008b78                __sfp_lock_release
 .text.__sinit  0x0000000008008b84       0x30 C:/ST/STM32CubeIDE_1.13.2/STM32CubeIDE/plugins/com.st.stm32cube.ide.mcu.externaltools.gnu-tools-for-stm32.11.3.rel1.win32_1.1.1.202309131626/tools/bin/../lib/gcc/arm-none-eabi/11.3.1/../../../../arm-none-eabi/lib/thumb/v7e-m+fp/hard\libc_nano.a(libc_a-findfp.o)
                0x0000000008008b84                __sinit
 .text._fwalk_sglue
                0x0000000008008bb4       0x3c C:/ST/STM32CubeIDE_1.13.2/STM32CubeIDE/plugins/com.st.stm32cube.ide.mcu.externaltools.gnu-tools-for-stm32.11.3.rel1.win32_1.1.1.202309131626/tools/bin/../lib/gcc/arm-none-eabi/11.3.1/../../../../arm-none-eabi/lib/thumb/v7e-m+fp/hard\libc_nano.a(libc_a-fwalk.o)
                0x0000000008008bb4                _fwalk_sglue
 .text.sprintf  0x0000000008008bf0       0x40 C:/ST/STM32CubeIDE_1.13.2/STM32CubeIDE/plugins/com.st.stm32cube.ide.mcu.externaltools.gnu-tools-for-stm32.11.3.rel1.win32_1.1.1.202309131626/tools/bin/../lib/gcc/arm-none-eabi/11.3.1/../../../../arm-none-eabi/lib/thumb/v7e-m+fp/hard\libc_nano.a(libc_a-sprintf.o)
                0x0000000008008bf0                sprintf
                0x0000000008008bf0                siprintf
 .text.__sread  0x0000000008008c30       0x22 C:/ST/STM32CubeIDE_1.13.2/STM32CubeIDE/plugins/com.st.stm32cube.ide.mcu.externaltools.gnu-tools-for-stm32.11.3.rel1.win32_1.1.1.202309131626/tools/bin/../lib/gcc/arm-none-eabi/11.3.1/../../../../arm-none-eabi/lib/thumb/v7e-m+fp/hard\libc_nano.a(libc_a-stdio.o)
                0x0000000008008c30                __sread
 .text.__swrite
                0x0000000008008c52       0x38 C:/ST/STM32CubeIDE_1.13.2/STM32CubeIDE/plugins/com.st.stm32cube.ide.mcu.externaltools.gnu-tools-for-stm32.11.3.rel1.win32_1.1.1.202309131626/tools/bin/../lib/gcc/arm-none-eabi/11.3.1/../../../../arm-none-eabi/lib/thumb/v7e-m+fp/hard\libc_nano.a(libc_a-stdio.o)
                0x0000000008008c52                __swrite
 .text.__sseek  0x0000000008008c8a       0x24 C:/ST/STM32CubeIDE_1.13.2/STM32CubeIDE/plugins/com.st.stm32cube.ide.mcu.externaltools.gnu-tools-for-stm32.11.3.rel1.win32_1.1.1.202309131626/tools/bin/../lib/gcc/arm-none-eabi/11.3.1/../../../../arm-none-eabi/lib/thumb/v7e-m+fp/hard\libc_nano.a(libc_a-stdio.o)
                0x0000000008008c8a                __sseek
 .text.__sclose
                0x0000000008008cae        0x8 C:/ST/STM32CubeIDE_1.13.2/STM32CubeIDE/plugins/com.st.stm32cube.ide.mcu.externaltools.gnu-tools-for-stm32.11.3.rel1.win32_1.1.1.202309131626/tools/bin/../lib/gcc/arm-none-eabi/11.3.1/../../../../arm-none-eabi/lib/thumb/v7e-m+fp/hard\libc_nano.a(libc_a-stdio.o)
                0x0000000008008cae                __sclose
 .text.memmove  0x0000000008008cb6       0x34 C:/ST/STM32CubeIDE_1.13.2/STM32CubeIDE/plugins/com.st.stm32cube.ide.mcu.externaltools.gnu-tools-for-stm32.11.3.rel1.win32_1.1.1.202309131626/tools/bin/../lib/gcc/arm-none-eabi/11.3.1/../../../../arm-none-eabi/lib/thumb/v7e-m+fp/hard\libc_nano.a(libc_a-memmove.o)
                0x0000000008008cb6                memmove
 .text.memset   0x0000000008008cea       0x10 C:/ST/STM32CubeIDE_1.13.2/STM32CubeIDE/plugins/com.st.stm32cube.ide.mcu.externaltools.gnu-tools-for-stm32.11.3.rel1.win32_1.1.1.202309131626/tools/bin/../lib/gcc/arm-none-eabi/11.3.1/../../../../arm-none-eabi/lib/thumb/v7e-m+fp/hard\libc_nano.a(libc_a-memset.o)
                0x0000000008008cea                memset
 *fill*         0x0000000008008cfa        0x2 
 .text.strtok   0x0000000008008cfc       0x68 C:/ST/STM32CubeIDE_1.13.2/STM32CubeIDE/plugins/com.st.stm32cube.ide.mcu.externaltools.gnu-tools-for-stm32.11.3.rel1.win32_1.1.1.202309131626/tools/bin/../lib/gcc/arm-none-eabi/11.3.1/../../../../arm-none-eabi/lib/thumb/v7e-m+fp/hard\libc_nano.a(libc_a-strtok.o)
                0x0000000008008cfc                strtok
 .text.__strtok_r
                0x0000000008008d64       0x50 C:/ST/STM32CubeIDE_1.13.2/STM32CubeIDE/plugins/com.st.stm32cube.ide.mcu.externaltools.gnu-tools-for-stm32.11.3.rel1.win32_1.1.1.202309131626/tools/bin/../lib/gcc/arm-none-eabi/11.3.1/../../../../arm-none-eabi/lib/thumb/v7e-m+fp/hard\libc_nano.a(libc_a-strtok_r.o)
                0x0000000008008d64                __strtok_r
 .text._localeconv_r
                0x0000000008008db4        0x8 C:/ST/STM32CubeIDE_1.13.2/STM32CubeIDE/plugins/com.st.stm32cube.ide.mcu.externaltools.gnu-tools-for-stm32.11.3.rel1.win32_1.1.1.202309131626/tools/bin/../lib/gcc/arm-none-eabi/11.3.1/../../../../arm-none-eabi/lib/thumb/v7e-m+fp/hard\libc_nano.a(libc_a-localeconv.o)
                0x0000000008008db4                _localeconv_r
 .text._close_r
                0x0000000008008dbc       0x20 C:/ST/STM32CubeIDE_1.13.2/STM32CubeIDE/plugins/com.st.stm32cube.ide.mcu.externaltools.gnu-tools-for-stm32.11.3.rel1.win32_1.1.1.202309131626/tools/bin/../lib/gcc/arm-none-eabi/11.3.1/../../../../arm-none-eabi/lib/thumb/v7e-m+fp/hard\libc_nano.a(libc_a-closer.o)
                0x0000000008008dbc                _close_r
 .text._reclaim_reent
                0x0000000008008ddc       0xac C:/ST/STM32CubeIDE_1.13.2/STM32CubeIDE/plugins/com.st.stm32cube.ide.mcu.externaltools.gnu-tools-for-stm32.11.3.rel1.win32_1.1.1.202309131626/tools/bin/../lib/gcc/arm-none-eabi/11.3.1/../../../../arm-none-eabi/lib/thumb/v7e-m+fp/hard\libc_nano.a(libc_a-reent.o)
                0x0000000008008ddc                _reclaim_reent
 .text._lseek_r
                0x0000000008008e88       0x24 C:/ST/STM32CubeIDE_1.13.2/STM32CubeIDE/plugins/com.st.stm32cube.ide.mcu.externaltools.gnu-tools-for-stm32.11.3.rel1.win32_1.1.1.202309131626/tools/bin/../lib/gcc/arm-none-eabi/11.3.1/../../../../arm-none-eabi/lib/thumb/v7e-m+fp/hard\libc_nano.a(libc_a-lseekr.o)
                0x0000000008008e88                _lseek_r
 .text._read_r  0x0000000008008eac       0x24 C:/ST/STM32CubeIDE_1.13.2/STM32CubeIDE/plugins/com.st.stm32cube.ide.mcu.externaltools.gnu-tools-for-stm32.11.3.rel1.win32_1.1.1.202309131626/tools/bin/../lib/gcc/arm-none-eabi/11.3.1/../../../../arm-none-eabi/lib/thumb/v7e-m+fp/hard\libc_nano.a(libc_a-readr.o)
                0x0000000008008eac                _read_r
 .text._write_r
                0x0000000008008ed0       0x24 C:/ST/STM32CubeIDE_1.13.2/STM32CubeIDE/plugins/com.st.stm32cube.ide.mcu.externaltools.gnu-tools-for-stm32.11.3.rel1.win32_1.1.1.202309131626/tools/bin/../lib/gcc/arm-none-eabi/11.3.1/../../../../arm-none-eabi/lib/thumb/v7e-m+fp/hard\libc_nano.a(libc_a-writer.o)
                0x0000000008008ed0                _write_r
 .text.__errno  0x0000000008008ef4        0xc C:/ST/STM32CubeIDE_1.13.2/STM32CubeIDE/plugins/com.st.stm32cube.ide.mcu.externaltools.gnu-tools-for-stm32.11.3.rel1.win32_1.1.1.202309131626/tools/bin/../lib/gcc/arm-none-eabi/11.3.1/../../../../arm-none-eabi/lib/thumb/v7e-m+fp/hard\libc_nano.a(libc_a-errno.o)
                0x0000000008008ef4                __errno
 .text.__libc_init_array
                0x0000000008008f00       0x48 C:/ST/STM32CubeIDE_1.13.2/STM32CubeIDE/plugins/com.st.stm32cube.ide.mcu.externaltools.gnu-tools-for-stm32.11.3.rel1.win32_1.1.1.202309131626/tools/bin/../lib/gcc/arm-none-eabi/11.3.1/../../../../arm-none-eabi/lib/thumb/v7e-m+fp/hard\libc_nano.a(libc_a-init.o)
                0x0000000008008f00                __libc_init_array
 .text.__retarget_lock_init_recursive
                0x0000000008008f48        0x2 C:/ST/STM32CubeIDE_1.13.2/STM32CubeIDE/plugins/com.st.stm32cube.ide.mcu.externaltools.gnu-tools-for-stm32.11.3.rel1.win32_1.1.1.202309131626/tools/bin/../lib/gcc/arm-none-eabi/11.3.1/../../../../arm-none-eabi/lib/thumb/v7e-m+fp/hard\libc_nano.a(libc_a-lock.o)
                0x0000000008008f48                __retarget_lock_init_recursive
 .text.__retarget_lock_acquire_recursive
                0x0000000008008f4a        0x2 C:/ST/STM32CubeIDE_1.13.2/STM32CubeIDE/plugins/com.st.stm32cube.ide.mcu.externaltools.gnu-tools-for-stm32.11.3.rel1.win32_1.1.1.202309131626/tools/bin/../lib/gcc/arm-none-eabi/11.3.1/../../../../arm-none-eabi/lib/thumb/v7e-m+fp/hard\libc_nano.a(libc_a-lock.o)
                0x0000000008008f4a                __retarget_lock_acquire_recursive
 .text.__retarget_lock_release_recursive
                0x0000000008008f4c        0x2 C:/ST/STM32CubeIDE_1.13.2/STM32CubeIDE/plugins/com.st.stm32cube.ide.mcu.externaltools.gnu-tools-for-stm32.11.3.rel1.win32_1.1.1.202309131626/tools/bin/../lib/gcc/arm-none-eabi/11.3.1/../../../../arm-none-eabi/lib/thumb/v7e-m+fp/hard\libc_nano.a(libc_a-lock.o)
                0x0000000008008f4c                __retarget_lock_release_recursive
 .text.strcpy   0x0000000008008f4e       0x10 C:/ST/STM32CubeIDE_1.13.2/STM32CubeIDE/plugins/com.st.stm32cube.ide.mcu.externaltools.gnu-tools-for-stm32.11.3.rel1.win32_1.1.1.202309131626/tools/bin/../lib/gcc/arm-none-eabi/11.3.1/../../../../arm-none-eabi/lib/thumb/v7e-m+fp/hard\libc_nano.a(libc_a-strcpy.o)
                0x0000000008008f4e                strcpy
 .text.memcpy   0x0000000008008f5e       0x1c C:/ST/STM32CubeIDE_1.13.2/STM32CubeIDE/plugins/com.st.stm32cube.ide.mcu.externaltools.gnu-tools-for-stm32.11.3.rel1.win32_1.1.1.202309131626/tools/bin/../lib/gcc/arm-none-eabi/11.3.1/../../../../arm-none-eabi/lib/thumb/v7e-m+fp/hard\libc_nano.a(libc_a-memcpy-stub.o)
                0x0000000008008f5e                memcpy
 *fill*         0x0000000008008f7a        0x2 
 .text.nanf     0x0000000008008f7c        0xc C:/ST/STM32CubeIDE_1.13.2/STM32CubeIDE/plugins/com.st.stm32cube.ide.mcu.externaltools.gnu-tools-for-stm32.11.3.rel1.win32_1.1.1.202309131626/tools/bin/../lib/gcc/arm-none-eabi/11.3.1/../../../../arm-none-eabi/lib/thumb/v7e-m+fp/hard\libc_nano.a(libm_a-sf_nan.o)
                0x0000000008008f7c                nanf
 .text.__assert_func
                0x0000000008008f88       0x3c C:/ST/STM32CubeIDE_1.13.2/STM32CubeIDE/plugins/com.st.stm32cube.ide.mcu.externaltools.gnu-tools-for-stm32.11.3.rel1.win32_1.1.1.202309131626/tools/bin/../lib/gcc/arm-none-eabi/11.3.1/../../../../arm-none-eabi/lib/thumb/v7e-m+fp/hard\libc_nano.a(libc_a-assert.o)
                0x0000000008008f88                __assert_func
 .text.quorem   0x0000000008008fc4      0x110 C:/ST/STM32CubeIDE_1.13.2/STM32CubeIDE/plugins/com.st.stm32cube.ide.mcu.externaltools.gnu-tools-for-stm32.11.3.rel1.win32_1.1.1.202309131626/tools/bin/../lib/gcc/arm-none-eabi/11.3.1/../../../../arm-none-eabi/lib/thumb/v7e-m+fp/hard\libc_nano.a(libc_a-dtoa.o)
 *fill*         0x00000000080090d4        0x4 
 .text._dtoa_r  0x00000000080090d8      0xbe4 C:/ST/STM32CubeIDE_1.13.2/STM32CubeIDE/plugins/com.st.stm32cube.ide.mcu.externaltools.gnu-tools-for-stm32.11.3.rel1.win32_1.1.1.202309131626/tools/bin/../lib/gcc/arm-none-eabi/11.3.1/../../../../arm-none-eabi/lib/thumb/v7e-m+fp/hard\libc_nano.a(libc_a-dtoa.o)
                0x00000000080090d8                _dtoa_r
 .text._free_r  0x0000000008009cbc       0x98 C:/ST/STM32CubeIDE_1.13.2/STM32CubeIDE/plugins/com.st.stm32cube.ide.mcu.externaltools.gnu-tools-for-stm32.11.3.rel1.win32_1.1.1.202309131626/tools/bin/../lib/gcc/arm-none-eabi/11.3.1/../../../../arm-none-eabi/lib/thumb/v7e-m+fp/hard\libc_nano.a(libc_a-freer.o)
                0x0000000008009cbc                _free_r
 .text.malloc   0x0000000008009d54       0x10 C:/ST/STM32CubeIDE_1.13.2/STM32CubeIDE/plugins/com.st.stm32cube.ide.mcu.externaltools.gnu-tools-for-stm32.11.3.rel1.win32_1.1.1.202309131626/tools/bin/../lib/gcc/arm-none-eabi/11.3.1/../../../../arm-none-eabi/lib/thumb/v7e-m+fp/hard\libc_nano.a(libc_a-malloc.o)
                0x0000000008009d54                malloc
 .text.sbrk_aligned
                0x0000000008009d64       0x40 C:/ST/STM32CubeIDE_1.13.2/STM32CubeIDE/plugins/com.st.stm32cube.ide.mcu.externaltools.gnu-tools-for-stm32.11.3.rel1.win32_1.1.1.202309131626/tools/bin/../lib/gcc/arm-none-eabi/11.3.1/../../../../arm-none-eabi/lib/thumb/v7e-m+fp/hard\libc_nano.a(libc_a-mallocr.o)
 .text._malloc_r
                0x0000000008009da4      0x100 C:/ST/STM32CubeIDE_1.13.2/STM32CubeIDE/plugins/com.st.stm32cube.ide.mcu.externaltools.gnu-tools-for-stm32.11.3.rel1.win32_1.1.1.202309131626/tools/bin/../lib/gcc/arm-none-eabi/11.3.1/../../../../arm-none-eabi/lib/thumb/v7e-m+fp/hard\libc_nano.a(libc_a-mallocr.o)
                0x0000000008009da4                _malloc_r
 .text.__malloc_lock
                0x0000000008009ea4        0xc C:/ST/STM32CubeIDE_1.13.2/STM32CubeIDE/plugins/com.st.stm32cube.ide.mcu.externaltools.gnu-tools-for-stm32.11.3.rel1.win32_1.1.1.202309131626/tools/bin/../lib/gcc/arm-none-eabi/11.3.1/../../../../arm-none-eabi/lib/thumb/v7e-m+fp/hard\libc_nano.a(libc_a-mlock.o)
                0x0000000008009ea4                __malloc_lock
 .text.__malloc_unlock
                0x0000000008009eb0        0xc C:/ST/STM32CubeIDE_1.13.2/STM32CubeIDE/plugins/com.st.stm32cube.ide.mcu.externaltools.gnu-tools-for-stm32.11.3.rel1.win32_1.1.1.202309131626/tools/bin/../lib/gcc/arm-none-eabi/11.3.1/../../../../arm-none-eabi/lib/thumb/v7e-m+fp/hard\libc_nano.a(libc_a-mlock.o)
                0x0000000008009eb0                __malloc_unlock
 .text._Balloc  0x0000000008009ebc       0x80 C:/ST/STM32CubeIDE_1.13.2/STM32CubeIDE/plugins/com.st.stm32cube.ide.mcu.externaltools.gnu-tools-for-stm32.11.3.rel1.win32_1.1.1.202309131626/tools/bin/../lib/gcc/arm-none-eabi/11.3.1/../../../../arm-none-eabi/lib/thumb/v7e-m+fp/hard\libc_nano.a(libc_a-mprec.o)
                0x0000000008009ebc                _Balloc
 .text._Bfree   0x0000000008009f3c       0x44 C:/ST/STM32CubeIDE_1.13.2/STM32CubeIDE/plugins/com.st.stm32cube.ide.mcu.externaltools.gnu-tools-for-stm32.11.3.rel1.win32_1.1.1.202309131626/tools/bin/../lib/gcc/arm-none-eabi/11.3.1/../../../../arm-none-eabi/lib/thumb/v7e-m+fp/hard\libc_nano.a(libc_a-mprec.o)
                0x0000000008009f3c                _Bfree
 .text.__multadd
                0x0000000008009f80       0x8c C:/ST/STM32CubeIDE_1.13.2/STM32CubeIDE/plugins/com.st.stm32cube.ide.mcu.externaltools.gnu-tools-for-stm32.11.3.rel1.win32_1.1.1.202309131626/tools/bin/../lib/gcc/arm-none-eabi/11.3.1/../../../../arm-none-eabi/lib/thumb/v7e-m+fp/hard\libc_nano.a(libc_a-mprec.o)
                0x0000000008009f80                __multadd
 .text.__s2b    0x000000000800a00c       0x94 C:/ST/STM32CubeIDE_1.13.2/STM32CubeIDE/plugins/com.st.stm32cube.ide.mcu.externaltools.gnu-tools-for-stm32.11.3.rel1.win32_1.1.1.202309131626/tools/bin/../lib/gcc/arm-none-eabi/11.3.1/../../../../arm-none-eabi/lib/thumb/v7e-m+fp/hard\libc_nano.a(libc_a-mprec.o)
                0x000000000800a00c                __s2b
 .text.__hi0bits
                0x000000000800a0a0       0x40 C:/ST/STM32CubeIDE_1.13.2/STM32CubeIDE/plugins/com.st.stm32cube.ide.mcu.externaltools.gnu-tools-for-stm32.11.3.rel1.win32_1.1.1.202309131626/tools/bin/../lib/gcc/arm-none-eabi/11.3.1/../../../../arm-none-eabi/lib/thumb/v7e-m+fp/hard\libc_nano.a(libc_a-mprec.o)
                0x000000000800a0a0                __hi0bits
 .text.__lo0bits
                0x000000000800a0e0       0x5a C:/ST/STM32CubeIDE_1.13.2/STM32CubeIDE/plugins/com.st.stm32cube.ide.mcu.externaltools.gnu-tools-for-stm32.11.3.rel1.win32_1.1.1.202309131626/tools/bin/../lib/gcc/arm-none-eabi/11.3.1/../../../../arm-none-eabi/lib/thumb/v7e-m+fp/hard\libc_nano.a(libc_a-mprec.o)
                0x000000000800a0e0                __lo0bits
 *fill*         0x000000000800a13a        0x2 
 .text.__i2b    0x000000000800a13c       0x2c C:/ST/STM32CubeIDE_1.13.2/STM32CubeIDE/plugins/com.st.stm32cube.ide.mcu.externaltools.gnu-tools-for-stm32.11.3.rel1.win32_1.1.1.202309131626/tools/bin/../lib/gcc/arm-none-eabi/11.3.1/../../../../arm-none-eabi/lib/thumb/v7e-m+fp/hard\libc_nano.a(libc_a-mprec.o)
                0x000000000800a13c                __i2b
 .text.__multiply
                0x000000000800a168      0x154 C:/ST/STM32CubeIDE_1.13.2/STM32CubeIDE/plugins/com.st.stm32cube.ide.mcu.externaltools.gnu-tools-for-stm32.11.3.rel1.win32_1.1.1.202309131626/tools/bin/../lib/gcc/arm-none-eabi/11.3.1/../../../../arm-none-eabi/lib/thumb/v7e-m+fp/hard\libc_nano.a(libc_a-mprec.o)
                0x000000000800a168                __multiply
 .text.__pow5mult
                0x000000000800a2bc       0xb4 C:/ST/STM32CubeIDE_1.13.2/STM32CubeIDE/plugins/com.st.stm32cube.ide.mcu.externaltools.gnu-tools-for-stm32.11.3.rel1.win32_1.1.1.202309131626/tools/bin/../lib/gcc/arm-none-eabi/11.3.1/../../../../arm-none-eabi/lib/thumb/v7e-m+fp/hard\libc_nano.a(libc_a-mprec.o)
                0x000000000800a2bc                __pow5mult
 .text.__lshift
                0x000000000800a370       0xd8 C:/ST/STM32CubeIDE_1.13.2/STM32CubeIDE/plugins/com.st.stm32cube.ide.mcu.externaltools.gnu-tools-for-stm32.11.3.rel1.win32_1.1.1.202309131626/tools/bin/../lib/gcc/arm-none-eabi/11.3.1/../../../../arm-none-eabi/lib/thumb/v7e-m+fp/hard\libc_nano.a(libc_a-mprec.o)
                0x000000000800a370                __lshift
 .text.__mcmp   0x000000000800a448       0x38 C:/ST/STM32CubeIDE_1.13.2/STM32CubeIDE/plugins/com.st.stm32cube.ide.mcu.externaltools.gnu-tools-for-stm32.11.3.rel1.win32_1.1.1.202309131626/tools/bin/../lib/gcc/arm-none-eabi/11.3.1/../../../../arm-none-eabi/lib/thumb/v7e-m+fp/hard\libc_nano.a(libc_a-mprec.o)
                0x000000000800a448                __mcmp
 .text.__mdiff  0x000000000800a480      0x114 C:/ST/STM32CubeIDE_1.13.2/STM32CubeIDE/plugins/com.st.stm32cube.ide.mcu.externaltools.gnu-tools-for-stm32.11.3.rel1.win32_1.1.1.202309131626/tools/bin/../lib/gcc/arm-none-eabi/11.3.1/../../../../arm-none-eabi/lib/thumb/v7e-m+fp/hard\libc_nano.a(libc_a-mprec.o)
                0x000000000800a480                __mdiff
 .text.__ulp    0x000000000800a594       0x4c C:/ST/STM32CubeIDE_1.13.2/STM32CubeIDE/plugins/com.st.stm32cube.ide.mcu.externaltools.gnu-tools-for-stm32.11.3.rel1.win32_1.1.1.202309131626/tools/bin/../lib/gcc/arm-none-eabi/11.3.1/../../../../arm-none-eabi/lib/thumb/v7e-m+fp/hard\libc_nano.a(libc_a-mprec.o)
                0x000000000800a594                __ulp
 .text.__b2d    0x000000000800a5e0       0x94 C:/ST/STM32CubeIDE_1.13.2/STM32CubeIDE/plugins/com.st.stm32cube.ide.mcu.externaltools.gnu-tools-for-stm32.11.3.rel1.win32_1.1.1.202309131626/tools/bin/../lib/gcc/arm-none-eabi/11.3.1/../../../../arm-none-eabi/lib/thumb/v7e-m+fp/hard\libc_nano.a(libc_a-mprec.o)
                0x000000000800a5e0                __b2d
 .text.__d2b    0x000000000800a674       0xb4 C:/ST/STM32CubeIDE_1.13.2/STM32CubeIDE/plugins/com.st.stm32cube.ide.mcu.externaltools.gnu-tools-for-stm32.11.3.rel1.win32_1.1.1.202309131626/tools/bin/../lib/gcc/arm-none-eabi/11.3.1/../../../../arm-none-eabi/lib/thumb/v7e-m+fp/hard\libc_nano.a(libc_a-mprec.o)
                0x000000000800a674                __d2b
 .text.__ratio  0x000000000800a728       0x66 C:/ST/STM32CubeIDE_1.13.2/STM32CubeIDE/plugins/com.st.stm32cube.ide.mcu.externaltools.gnu-tools-for-stm32.11.3.rel1.win32_1.1.1.202309131626/tools/bin/../lib/gcc/arm-none-eabi/11.3.1/../../../../arm-none-eabi/lib/thumb/v7e-m+fp/hard\libc_nano.a(libc_a-mprec.o)
                0x000000000800a728                __ratio
 .text.__copybits